Using pre-set license
Built from '2021.3/staging' branch; Version is '2021.3.34f1 (25266724e7bd) revision 2434663'; Using compiler version '192829333'; Build Type 'Release'
OS: 'Windows 11  (10.0.22631) 64bit Core' Language: 'en' Physical Memory: 32496 MB
BatchMode: 1, IsHumanControllingUs: 0, StartBugReporterOnCrash: 0, Is64bit: 1, IsPro: 1

COMMAND LINE ARGUMENTS:
C:\Program Files\Unity\Hub\Editor\2021.3.34f1\Editor\Unity.exe
-adb2
-batchMode
-noUpm
-name
AssetImportWorker5
-projectPath
C:/_Main/projects/vr/flock2
-logFile
Logs/AssetImportWorker5.log
-srvPort
53545
Successfully changed project path to: C:/_Main/projects/vr/flock2
C:/_Main/projects/vr/flock2
[UnityMemory] Configuration Parameters - Can be set up in boot.config
    "memorysetup-bucket-allocator-granularity=16"
    "memorysetup-bucket-allocator-bucket-count=8"
    "memorysetup-bucket-allocator-block-size=33554432"
    "memorysetup-bucket-allocator-block-count=8"
    "memorysetup-main-allocator-block-size=16777216"
    "memorysetup-thread-allocator-block-size=16777216"
    "memorysetup-gfx-main-allocator-block-size=16777216"
    "memorysetup-gfx-thread-allocator-block-size=16777216"
    "memorysetup-cache-allocator-block-size=4194304"
    "memorysetup-typetree-allocator-block-size=2097152"
    "memorysetup-profiler-bucket-allocator-granularity=16"
    "memorysetup-profiler-bucket-allocator-bucket-count=8"
    "memorysetup-profiler-bucket-allocator-block-size=33554432"
    "memorysetup-profiler-bucket-allocator-block-count=8"
    "memorysetup-profiler-allocator-block-size=16777216"
    "memorysetup-profiler-editor-allocator-block-size=1048576"
    "memorysetup-temp-allocator-size-main=16777216"
    "memorysetup-job-temp-allocator-block-size=2097152"
    "memorysetup-job-temp-allocator-block-size-background=1048576"
    "memorysetup-job-temp-allocator-reduction-small-platforms=262144"
    "memorysetup-temp-allocator-size-background-worker=32768"
    "memorysetup-temp-allocator-size-job-worker=262144"
    "memorysetup-temp-allocator-size-preload-manager=33554432"
    "memorysetup-temp-allocator-size-nav-mesh-worker=65536"
    "memorysetup-temp-allocator-size-audio-worker=65536"
    "memorysetup-temp-allocator-size-cloud-worker=32768"
    "memorysetup-temp-allocator-size-gi-baking-worker=262144"
    "memorysetup-temp-allocator-size-gfx=262144"
Player connection [58928] Host "[IP] 192.168.0.30 [Port] 0 [Flags] 2 [Guid] 1362208248 [EditorId] 1362208248 [Version] 1048832 [Id] WindowsEditor(7,Lucky) [Debug] 1 [PackageName] WindowsEditor [ProjectName] Editor" joined multi-casting on [225.0.0.222:54997]...

Player connection [58928] Host "[IP] 192.168.0.30 [Port] 0 [Flags] 2 [Guid] 1362208248 [EditorId] 1362208248 [Version] 1048832 [Id] WindowsEditor(7,Lucky) [Debug] 1 [PackageName] WindowsEditor [ProjectName] Editor" joined alternative multi-casting on [225.0.0.222:34997]...

[Physics::Module] Initialized MultithreadedJobDispatcher with {0} workers.
Refreshing native plugins compatible for Editor in 141.11 ms, found 6 plugins.
Preloading 1 native plugins for Editor in 0.81 ms.
Initialize engine version: 2021.3.34f1 (25266724e7bd)
[Subsystems] Discovering subsystems at path C:/Program Files/Unity/Hub/Editor/2021.3.34f1/Editor/Data/Resources/UnitySubsystems
[Subsystems] Discovering subsystems at path C:/_Main/projects/vr/flock2/Assets
GfxDevice: creating device client; threaded=0; jobified=0
Direct3D:
    Version:  Direct3D 11.0 [level 11.1]
    Renderer: NVIDIA GeForce RTX 4080 Laptop GPU (ID=0x27a0)
    Vendor:   NVIDIA
    VRAM:     11997 MB
    Driver:   31.0.15.5161
Initialize mono
Mono path[0] = 'C:/Program Files/Unity/Hub/Editor/2021.3.34f1/Editor/Data/Managed'
Mono path[1] = 'C:/Program Files/Unity/Hub/Editor/2021.3.34f1/Editor/Data/MonoBleedingEdge/lib/mono/unityjit-win32'
Mono config path = 'C:/Program Files/Unity/Hub/Editor/2021.3.34f1/Editor/Data/MonoBleedingEdge/etc'
Using monoOptions --debugger-agent=transport=dt_socket,embedding=1,server=y,suspend=n,address=127.0.0.1:56948
Begin MonoManager ReloadAssembly
Registering precompiled unity dll's ...
Register platform support module: C:/Program Files/Unity/Hub/Editor/2021.3.34f1/Editor/Data/PlaybackEngines/WebGLSupport/UnityEditor.WebGL.Extensions.dll
Register platform support module: C:/Program Files/Unity/Hub/Editor/2021.3.34f1/Editor/Data/PlaybackEngines/AndroidPlayer/UnityEditor.Android.Extensions.dll
Register platform support module: C:/Program Files/Unity/Hub/Editor/2021.3.34f1/Editor/Data/PlaybackEngines/WindowsStandaloneSupport/UnityEditor.WindowsStandalone.Extensions.dll
Registered in 0.004169 seconds.
Native extension for WindowsStandalone target not found
Native extension for Android target not found
Multiple ADB server instances found, the following ADB server instance have been terminated due to being run from another SDK. Process paths: 
C:\Program Files\Unity\Hub\Editor\2021.3.31f1\Editor\Data\PlaybackEngines\AndroidPlayer\SDK\platform-tools\adb.exe
UnityEngine.StackTraceUtility:ExtractStackTrace ()
UnityEngine.DebugLogHandler:LogFormat (UnityEngine.LogType,UnityEngine.Object,string,object[])
UnityEngine.Logger:Log (UnityEngine.LogType,object)
UnityEngine.Debug:Log (object)
UnityEditor.Android.AndroidDeploymentTargetsExtension:GetKnownTargets (UnityEditor.DeploymentTargets.IDeploymentTargetsMainThreadContext,UnityEditor.ProgressHandler)
UnityEditor.Android.TargetScanWorker:ScanSync ()
UnityEditor.Android.TargetExtension:OnUsbDevicesChanged (UnityEditor.Hardware.UsbDevice[])
UnityEditor.Android.TargetExtension:OnLoad ()
UnityEditor.Modules.ModuleManager:InitializePlatformSupportModules ()

Android Extension - Scanning For ADB Devices 2504 ms
Native extension for WebGL target not found
Refreshing native plugins compatible for Editor in 50.51 ms, found 6 plugins.
Preloading 1 native plugins for Editor in 0.09 ms.
Mono: successfully reloaded assembly
- Completed reload, in  3.322 seconds
Domain Reload Profiling:
	ReloadAssembly (3323ms)
		BeginReloadAssembly (81ms)
			ExecutionOrderSort (0ms)
			DisableScriptedObjects (0ms)
			BackupInstance (0ms)
			ReleaseScriptingObjects (0ms)
			CreateAndSetChildDomain (1ms)
		EndReloadAssembly (3170ms)
			LoadAssemblies (79ms)
			RebuildTransferFunctionScriptingTraits (0ms)
			SetupTypeCache (337ms)
			ReleaseScriptCaches (0ms)
			RebuildScriptCaches (27ms)
			SetupLoadedEditorAssemblies (2776ms)
				LogAssemblyErrors (0ms)
				InitializePlatformSupportModulesInManaged (2632ms)
				SetLoadedEditorAssemblies (0ms)
				RefreshPlugins (51ms)
				BeforeProcessingInitializeOnLoad (1ms)
				ProcessInitializeOnLoadAttributes (62ms)
				ProcessInitializeOnLoadMethodAttributes (30ms)
				AfterProcessingInitializeOnLoad (0ms)
				EditorAssembliesLoaded (0ms)
			ExecutionOrderSort2 (0ms)
			AwakeInstancesAfterBackupRestoration (0ms)
Platform modules already initialized, skipping
Registering precompiled user dll's ...
Registered in 0.004539 seconds.
Begin MonoManager ReloadAssembly
Native extension for WindowsStandalone target not found
Native extension for Android target not found
Native extension for WebGL target not found
Refreshing native plugins compatible for Editor in 0.80 ms, found 6 plugins.
Preloading 1 native plugins for Editor in 0.06 ms.
Package Manager log level set to [2]
[Package Manager] Server::EnsureServerProcessIsRunning -- launch failed, reason: Unity was launched with the -noUpm command-line argument
[Package Manager] Cannot connect to Unity Package Manager local server
System.Reflection.TargetInvocationException: Exception has been thrown by the target of an invocation. ---> System.NullReferenceException: Object reference not set to an instance of an object
  at Unity.XR.Oculus.OculusLoader.AssetPathToAbsolutePath (System.String assetPath) [0x0003d] in C:\_Main\projects\vr\flock2\Library\PackageCache\com.unity.xr.oculus@3.3.0\Runtime\OculusLoader.cs:282 
  at Unity.XR.Oculus.OculusLoader.EditorLoadOVRPlugin () [0x0007b] in C:\_Main\projects\vr\flock2\Library\PackageCache\com.unity.xr.oculus@3.3.0\Runtime\OculusLoader.cs:267 
  at (wrapper managed-to-native) System.Reflection.RuntimeMethodInfo.InternalInvoke(System.Reflection.RuntimeMethodInfo,object,object[],System.Exception&)
  at System.Reflection.RuntimeMethodInfo.Invoke (System.Object obj, System.Reflection.BindingFlags invokeAttr, System.Reflection.Binder binder, System.Object[] parameters, System.Globalization.CultureInfo culture) [0x0006a] in <7e05db41a20b45108859fa03b97088d4>:0 
   --- End of inner exception stack trace ---
  at System.Reflection.RuntimeMethodInfo.Invoke (System.Object obj, System.Reflection.BindingFlags invokeAttr, System.Reflection.Binder binder, System.Object[] parameters, System.Globalization.CultureInfo culture) [0x00083] in <7e05db41a20b45108859fa03b97088d4>:0 
  at System.Reflection.MethodBase.Invoke (System.Object obj, System.Object[] parameters) [0x00000] in <7e05db41a20b45108859fa03b97088d4>:0 
  at UnityEditor.EditorAssemblies.ProcessInitializeOnLoadMethodAttributes () [0x000a5] in <0a81bd77f3334bdfa5d31008229edcac>:0 
UnityEngine.StackTraceUtility:ExtractStackTrace ()
UnityEngine.DebugLogHandler:LogFormat (UnityEngine.LogType,UnityEngine.Object,string,object[])
UnityEngine.Logger:Log (UnityEngine.LogType,object)
UnityEngine.Debug:LogError (object)
UnityEditor.EditorAssemblies:ProcessInitializeOnLoadMethodAttributes ()

Mirror.Weaver error: Exception :System.IO.IOException: Sharing violation on path C:\_Main\projects\vr\flock2\Library\ScriptAssemblies\com.unity.multiplayer-hlapi.Runtime.dll
  at System.IO.FileStream..ctor (System.String path, System.IO.FileMode mode, System.IO.FileAccess access, System.IO.FileShare share, System.Int32 bufferSize, System.Boolean anonymous, System.IO.FileOptions options) [0x0019e] in <7e05db41a20b45108859fa03b97088d4>:0 
  at System.IO.FileStream..ctor (System.String path, System.IO.FileMode mode, System.IO.FileAccess access, System.IO.FileShare share) [0x00000] in <7e05db41a20b45108859fa03b97088d4>:0 
  at (wrapper remoting-invoke-with-check) System.IO.FileStream..ctor(string,System.IO.FileMode,System.IO.FileAccess,System.IO.FileShare)
  at Mono.CecilX.ModuleDefinition.GetFileStream (System.String fileName, System.IO.FileMode mode, System.IO.FileAccess access, System.IO.FileShare share) [0x00006] in <9a2bc2dadc3549b3bfc74bb584d58989>:0 
  at Mono.CecilX.ModuleDefinition.ReadModule (System.String fileName, Mono.CecilX.ReaderParameters parameters) [0x00008] in <9a2bc2dadc3549b3bfc74bb584d58989>:0 
  at Mono.CecilX.AssemblyDefinition.ReadAssembly (System.String fileName, Mono.CecilX.ReaderParameters parameters) [0x00000] in <9a2bc2dadc3549b3bfc74bb584d58989>:0 
  at Mirror.Weaver.Weaver.Weave (System.String assName, System.Collections.Generic.IEnumerable`1[T] dependencies, System.String unityEngineDLLPath, System.String mirrorNetDLLPath, System.String outputDir) [0x00006] in C:\_Main\projects\vr\flock2\Assets\mirror\Editor\Weaver\Weaver.cs:458 
  at Mirror.Weaver.Weaver.WeaveAssemblies (System.Collections.Generic.IEnumerable`1[T] assemblies, System.Collections.Generic.IEnumerable`1[T] dependencies, System.String outputDir, System.String unityEngineDLLPath, System.String mirrorNetDLLPath) [0x0003f] in C:\_Main\projects\vr\flock2\Assets\mirror\Editor\Weaver\Weaver.cs:569 
UnityEngine.StackTraceUtility:ExtractStackTrace ()
UnityEngine.DebugLogHandler:LogFormat (UnityEngine.LogType,UnityEngine.Object,string,object[])
UnityEngine.Logger:Log (UnityEngine.LogType,object)
UnityEngine.Debug:LogError (object)
Mirror.Weaver.CompilationFinishedHook:HandleError (string) (at Assets/mirror/Editor/Weaver/CompilationFinishedHook.cs:42)
Mirror.Weaver.Log:Error (string) (at Assets/mirror/Editor/Weaver/Program.cs:19)
Mirror.Weaver.Weaver:WeaveAssemblies (System.Collections.Generic.IEnumerable`1<string>,System.Collections.Generic.IEnumerable`1<string>,string,string,string) (at Assets/mirror/Editor/Weaver/Weaver.cs:577)
Mirror.Weaver.Program:Process (string,string,string,string[],string[],System.Action`1<string>,System.Action`1<string>) (at Assets/mirror/Editor/Weaver/Program.cs:33)
Mirror.Weaver.CompilationFinishedHook:OnCompilationFinished (string,UnityEditor.Compilation.CompilerMessage[]) (at Assets/mirror/Editor/Weaver/CompilationFinishedHook.cs:154)
Mirror.Weaver.CompilationFinishedHook:WeaveExistingAssemblies () (at Assets/mirror/Editor/Weaver/CompilationFinishedHook.cs:66)
Mirror.Weaver.CompilationFinishedHook:OnInitializeOnLoad () (at Assets/mirror/Editor/Weaver/CompilationFinishedHook.cs:56)
System.Reflection.RuntimeMethodInfo:Invoke (object,System.Reflection.BindingFlags,System.Reflection.Binder,object[],System.Globalization.CultureInfo)
System.Reflection.MethodBase:Invoke (object,object[])
UnityEditor.EditorAssemblies:ProcessInitializeOnLoadMethodAttributes ()

(Filename: Assets/mirror/Editor/Weaver/CompilationFinishedHook.cs Line: 42)

Weaving failed for: Library/ScriptAssemblies/com.unity.multiplayer-hlapi.Runtime.dll
UnityEngine.StackTraceUtility:ExtractStackTrace ()
UnityEngine.DebugLogHandler:LogFormat (UnityEngine.LogType,UnityEngine.Object,string,object[])
UnityEngine.Logger:Log (UnityEngine.LogType,object)
UnityEngine.Debug:LogError (object)
Mirror.Weaver.CompilationFinishedHook:OnCompilationFinished (string,UnityEditor.Compilation.CompilerMessage[]) (at Assets/mirror/Editor/Weaver/CompilationFinishedHook.cs:162)
Mirror.Weaver.CompilationFinishedHook:WeaveExistingAssemblies () (at Assets/mirror/Editor/Weaver/CompilationFinishedHook.cs:66)
Mirror.Weaver.CompilationFinishedHook:OnInitializeOnLoad () (at Assets/mirror/Editor/Weaver/CompilationFinishedHook.cs:56)
System.Reflection.RuntimeMethodInfo:Invoke (object,System.Reflection.BindingFlags,System.Reflection.Binder,object[],System.Globalization.CultureInfo)
System.Reflection.MethodBase:Invoke (object,object[])
UnityEditor.EditorAssemblies:ProcessInitializeOnLoadMethodAttributes ()

(Filename: Assets/mirror/Editor/Weaver/CompilationFinishedHook.cs Line: 162)

Find all reader and writers took 47 milliseconds
Script Module: UnityEngine.UI.dll
Pass: 0 took 4 milliseconds
Pass: 1 took 13 milliseconds
Mirror.Weaver error: Exception :System.IO.IOException: Sharing violation on path C:\_Main\projects\vr\flock2\Library\ScriptAssemblies\UnityEngine.SpatialTracking.dll
  at System.IO.FileStream..ctor (System.String path, System.IO.FileMode mode, System.IO.FileAccess access, System.IO.FileShare share, System.Int32 bufferSize, System.Boolean anonymous, System.IO.FileOptions options) [0x0019e] in <7e05db41a20b45108859fa03b97088d4>:0 
  at System.IO.FileStream..ctor (System.String path, System.IO.FileMode mode, System.IO.FileAccess access, System.IO.FileShare share) [0x00000] in <7e05db41a20b45108859fa03b97088d4>:0 
  at (wrapper remoting-invoke-with-check) System.IO.FileStream..ctor(string,System.IO.FileMode,System.IO.FileAccess,System.IO.FileShare)
  at Mono.CecilX.ModuleDefinition.GetFileStream (System.String fileName, System.IO.FileMode mode, System.IO.FileAccess access, System.IO.FileShare share) [0x00006] in <9a2bc2dadc3549b3bfc74bb584d58989>:0 
  at Mono.CecilX.ModuleDefinition.ReadModule (System.String fileName, Mono.CecilX.ReaderParameters parameters) [0x00008] in <9a2bc2dadc3549b3bfc74bb584d58989>:0 
  at Mono.CecilX.AssemblyDefinition.ReadAssembly (System.String fileName, Mono.CecilX.ReaderParameters parameters) [0x00000] in <9a2bc2dadc3549b3bfc74bb584d58989>:0 
  at Mirror.Weaver.Weaver.Weave (System.String assName, System.Collections.Generic.IEnumerable`1[T] dependencies, System.String unityEngineDLLPath, System.String mirrorNetDLLPath, System.String outputDir) [0x00006] in C:\_Main\projects\vr\flock2\Assets\mirror\Editor\Weaver\Weaver.cs:458 
  at Mirror.Weaver.Weaver.WeaveAssemblies (System.Collections.Generic.IEnumerable`1[T] assemblies, System.Collections.Generic.IEnumerable`1[T] dependencies, System.String outputDir, System.String unityEngineDLLPath, System.String mirrorNetDLLPath) [0x0003f] in C:\_Main\projects\vr\flock2\Assets\mirror\Editor\Weaver\Weaver.cs:569 
UnityEngine.StackTraceUtility:ExtractStackTrace ()
UnityEngine.DebugLogHandler:LogFormat (UnityEngine.LogType,UnityEngine.Object,string,object[])
UnityEngine.Logger:Log (UnityEngine.LogType,object)
UnityEngine.Debug:LogError (object)
Mirror.Weaver.CompilationFinishedHook:HandleError (string) (at Assets/mirror/Editor/Weaver/CompilationFinishedHook.cs:42)
Mirror.Weaver.Log:Error (string) (at Assets/mirror/Editor/Weaver/Program.cs:19)
Mirror.Weaver.Weaver:WeaveAssemblies (System.Collections.Generic.IEnumerable`1<string>,System.Collections.Generic.IEnumerable`1<string>,string,string,string) (at Assets/mirror/Editor/Weaver/Weaver.cs:577)
Mirror.Weaver.Program:Process (string,string,string,string[],string[],System.Action`1<string>,System.Action`1<string>) (at Assets/mirror/Editor/Weaver/Program.cs:33)
Mirror.Weaver.CompilationFinishedHook:OnCompilationFinished (string,UnityEditor.Compilation.CompilerMessage[]) (at Assets/mirror/Editor/Weaver/CompilationFinishedHook.cs:154)
Mirror.Weaver.CompilationFinishedHook:WeaveExistingAssemblies () (at Assets/mirror/Editor/Weaver/CompilationFinishedHook.cs:66)
Mirror.Weaver.CompilationFinishedHook:OnInitializeOnLoad () (at Assets/mirror/Editor/Weaver/CompilationFinishedHook.cs:56)
System.Reflection.RuntimeMethodInfo:Invoke (object,System.Reflection.BindingFlags,System.Reflection.Binder,object[],System.Globalization.CultureInfo)
System.Reflection.MethodBase:Invoke (object,object[])
UnityEditor.EditorAssemblies:ProcessInitializeOnLoadMethodAttributes ()

(Filename: Assets/mirror/Editor/Weaver/CompilationFinishedHook.cs Line: 42)

Weaving failed for: Library/ScriptAssemblies/UnityEngine.SpatialTracking.dll
UnityEngine.StackTraceUtility:ExtractStackTrace ()
UnityEngine.DebugLogHandler:LogFormat (UnityEngine.LogType,UnityEngine.Object,string,object[])
UnityEngine.Logger:Log (UnityEngine.LogType,object)
UnityEngine.Debug:LogError (object)
Mirror.Weaver.CompilationFinishedHook:OnCompilationFinished (string,UnityEditor.Compilation.CompilerMessage[]) (at Assets/mirror/Editor/Weaver/CompilationFinishedHook.cs:162)
Mirror.Weaver.CompilationFinishedHook:WeaveExistingAssemblies () (at Assets/mirror/Editor/Weaver/CompilationFinishedHook.cs:66)
Mirror.Weaver.CompilationFinishedHook:OnInitializeOnLoad () (at Assets/mirror/Editor/Weaver/CompilationFinishedHook.cs:56)
System.Reflection.RuntimeMethodInfo:Invoke (object,System.Reflection.BindingFlags,System.Reflection.Binder,object[],System.Globalization.CultureInfo)
System.Reflection.MethodBase:Invoke (object,object[])
UnityEditor.EditorAssemblies:ProcessInitializeOnLoadMethodAttributes ()

(Filename: Assets/mirror/Editor/Weaver/CompilationFinishedHook.cs Line: 162)

Find all reader and writers took 41 milliseconds
Script Module: UnityEngine.TestRunner.dll
Pass: 0 took 6 milliseconds
Pass: 1 took 1 milliseconds
Mirror.Weaver error: Exception :System.IO.IOException: Sharing violation on path C:\_Main\projects\vr\flock2\Library\ScriptAssemblies\Unity.VisualScripting.Flow.dll
  at System.IO.FileStream..ctor (System.String path, System.IO.FileMode mode, System.IO.FileAccess access, System.IO.FileShare share, System.Int32 bufferSize, System.Boolean anonymous, System.IO.FileOptions options) [0x0019e] in <7e05db41a20b45108859fa03b97088d4>:0 
  at System.IO.FileStream..ctor (System.String path, System.IO.FileMode mode, System.IO.FileAccess access, System.IO.FileShare share) [0x00000] in <7e05db41a20b45108859fa03b97088d4>:0 
  at (wrapper remoting-invoke-with-check) System.IO.FileStream..ctor(string,System.IO.FileMode,System.IO.FileAccess,System.IO.FileShare)
  at Mono.CecilX.ModuleDefinition.GetFileStream (System.String fileName, System.IO.FileMode mode, System.IO.FileAccess access, System.IO.FileShare share) [0x00006] in <9a2bc2dadc3549b3bfc74bb584d58989>:0 
  at Mono.CecilX.ModuleDefinition.ReadModule (System.String fileName, Mono.CecilX.ReaderParameters parameters) [0x00008] in <9a2bc2dadc3549b3bfc74bb584d58989>:0 
  at Mono.CecilX.AssemblyDefinition.ReadAssembly (System.String fileName, Mono.CecilX.ReaderParameters parameters) [0x00000] in <9a2bc2dadc3549b3bfc74bb584d58989>:0 
  at Mirror.Weaver.Weaver.Weave (System.String assName, System.Collections.Generic.IEnumerable`1[T] dependencies, System.String unityEngineDLLPath, System.String mirrorNetDLLPath, System.String outputDir) [0x00006] in C:\_Main\projects\vr\flock2\Assets\mirror\Editor\Weaver\Weaver.cs:458 
  at Mirror.Weaver.Weaver.WeaveAssemblies (System.Collections.Generic.IEnumerable`1[T] assemblies, System.Collections.Generic.IEnumerable`1[T] dependencies, System.String outputDir, System.String unityEngineDLLPath, System.String mirrorNetDLLPath) [0x0003f] in C:\_Main\projects\vr\flock2\Assets\mirror\Editor\Weaver\Weaver.cs:569 
UnityEngine.StackTraceUtility:ExtractStackTrace ()
UnityEngine.DebugLogHandler:LogFormat (UnityEngine.LogType,UnityEngine.Object,string,object[])
UnityEngine.Logger:Log (UnityEngine.LogType,object)
UnityEngine.Debug:LogError (object)
Mirror.Weaver.CompilationFinishedHook:HandleError (string) (at Assets/mirror/Editor/Weaver/CompilationFinishedHook.cs:42)
Mirror.Weaver.Log:Error (string) (at Assets/mirror/Editor/Weaver/Program.cs:19)
Mirror.Weaver.Weaver:WeaveAssemblies (System.Collections.Generic.IEnumerable`1<string>,System.Collections.Generic.IEnumerable`1<string>,string,string,string) (at Assets/mirror/Editor/Weaver/Weaver.cs:577)
Mirror.Weaver.Program:Process (string,string,string,string[],string[],System.Action`1<string>,System.Action`1<string>) (at Assets/mirror/Editor/Weaver/Program.cs:33)
Mirror.Weaver.CompilationFinishedHook:OnCompilationFinished (string,UnityEditor.Compilation.CompilerMessage[]) (at Assets/mirror/Editor/Weaver/CompilationFinishedHook.cs:154)
Mirror.Weaver.CompilationFinishedHook:WeaveExistingAssemblies () (at Assets/mirror/Editor/Weaver/CompilationFinishedHook.cs:66)
Mirror.Weaver.CompilationFinishedHook:OnInitializeOnLoad () (at Assets/mirror/Editor/Weaver/CompilationFinishedHook.cs:56)
System.Reflection.RuntimeMethodInfo:Invoke (object,System.Reflection.BindingFlags,System.Reflection.Binder,object[],System.Globalization.CultureInfo)
System.Reflection.MethodBase:Invoke (object,object[])
UnityEditor.EditorAssemblies:ProcessInitializeOnLoadMethodAttributes ()

(Filename: Assets/mirror/Editor/Weaver/CompilationFinishedHook.cs Line: 42)

Weaving failed for: Library/ScriptAssemblies/Unity.VisualScripting.Flow.dll
UnityEngine.StackTraceUtility:ExtractStackTrace ()
UnityEngine.DebugLogHandler:LogFormat (UnityEngine.LogType,UnityEngine.Object,string,object[])
UnityEngine.Logger:Log (UnityEngine.LogType,object)
UnityEngine.Debug:LogError (object)
Mirror.Weaver.CompilationFinishedHook:OnCompilationFinished (string,UnityEditor.Compilation.CompilerMessage[]) (at Assets/mirror/Editor/Weaver/CompilationFinishedHook.cs:162)
Mirror.Weaver.CompilationFinishedHook:WeaveExistingAssemblies () (at Assets/mirror/Editor/Weaver/CompilationFinishedHook.cs:66)
Mirror.Weaver.CompilationFinishedHook:OnInitializeOnLoad () (at Assets/mirror/Editor/Weaver/CompilationFinishedHook.cs:56)
System.Reflection.RuntimeMethodInfo:Invoke (object,System.Reflection.BindingFlags,System.Reflection.Binder,object[],System.Globalization.CultureInfo)
System.Reflection.MethodBase:Invoke (object,object[])
UnityEditor.EditorAssemblies:ProcessInitializeOnLoadMethodAttributes ()

(Filename: Assets/mirror/Editor/Weaver/CompilationFinishedHook.cs Line: 162)

Find all reader and writers took 43 milliseconds
Script Module: Unity.VisualScripting.State.dll
Pass: 0 took 5 milliseconds
Pass: 1 took 0 milliseconds
Mirror.Weaver error: Exception :System.IO.IOException: Sharing violation on path C:\_Main\projects\vr\flock2\Library\ScriptAssemblies\Unity.VisualScripting.Core.dll
  at System.IO.FileStream..ctor (System.String path, System.IO.FileMode mode, System.IO.FileAccess access, System.IO.FileShare share, System.Int32 bufferSize, System.Boolean anonymous, System.IO.FileOptions options) [0x0019e] in <7e05db41a20b45108859fa03b97088d4>:0 
  at System.IO.FileStream..ctor (System.String path, System.IO.FileMode mode, System.IO.FileAccess access, System.IO.FileShare share) [0x00000] in <7e05db41a20b45108859fa03b97088d4>:0 
  at (wrapper remoting-invoke-with-check) System.IO.FileStream..ctor(string,System.IO.FileMode,System.IO.FileAccess,System.IO.FileShare)
  at Mono.CecilX.ModuleDefinition.GetFileStream (System.String fileName, System.IO.FileMode mode, System.IO.FileAccess access, System.IO.FileShare share) [0x00006] in <9a2bc2dadc3549b3bfc74bb584d58989>:0 
  at Mono.CecilX.ModuleDefinition.ReadModule (System.String fileName, Mono.CecilX.ReaderParameters parameters) [0x00008] in <9a2bc2dadc3549b3bfc74bb584d58989>:0 
  at Mono.CecilX.AssemblyDefinition.ReadAssembly (System.String fileName, Mono.CecilX.ReaderParameters parameters) [0x00000] in <9a2bc2dadc3549b3bfc74bb584d58989>:0 
  at Mirror.Weaver.Weaver.Weave (System.String assName, System.Collections.Generic.IEnumerable`1[T] dependencies, System.String unityEngineDLLPath, System.String mirrorNetDLLPath, System.String outputDir) [0x00006] in C:\_Main\projects\vr\flock2\Assets\mirror\Editor\Weaver\Weaver.cs:458 
  at Mirror.Weaver.Weaver.WeaveAssemblies (System.Collections.Generic.IEnumerable`1[T] assemblies, System.Collections.Generic.IEnumerable`1[T] dependencies, System.String outputDir, System.String unityEngineDLLPath, System.String mirrorNetDLLPath) [0x0003f] in C:\_Main\projects\vr\flock2\Assets\mirror\Editor\Weaver\Weaver.cs:569 
UnityEngine.StackTraceUtility:ExtractStackTrace ()
UnityEngine.DebugLogHandler:LogFormat (UnityEngine.LogType,UnityEngine.Object,string,object[])
UnityEngine.Logger:Log (UnityEngine.LogType,object)
UnityEngine.Debug:LogError (object)
Mirror.Weaver.CompilationFinishedHook:HandleError (string) (at Assets/mirror/Editor/Weaver/CompilationFinishedHook.cs:42)
Mirror.Weaver.Log:Error (string) (at Assets/mirror/Editor/Weaver/Program.cs:19)
Mirror.Weaver.Weaver:WeaveAssemblies (System.Collections.Generic.IEnumerable`1<string>,System.Collections.Generic.IEnumerable`1<string>,string,string,string) (at Assets/mirror/Editor/Weaver/Weaver.cs:577)
Mirror.Weaver.Program:Process (string,string,string,string[],string[],System.Action`1<string>,System.Action`1<string>) (at Assets/mirror/Editor/Weaver/Program.cs:33)
Mirror.Weaver.CompilationFinishedHook:OnCompilationFinished (string,UnityEditor.Compilation.CompilerMessage[]) (at Assets/mirror/Editor/Weaver/CompilationFinishedHook.cs:154)
Mirror.Weaver.CompilationFinishedHook:WeaveExistingAssemblies () (at Assets/mirror/Editor/Weaver/CompilationFinishedHook.cs:66)
Mirror.Weaver.CompilationFinishedHook:OnInitializeOnLoad () (at Assets/mirror/Editor/Weaver/CompilationFinishedHook.cs:56)
System.Reflection.RuntimeMethodInfo:Invoke (object,System.Reflection.BindingFlags,System.Reflection.Binder,object[],System.Globalization.CultureInfo)
System.Reflection.MethodBase:Invoke (object,object[])
UnityEditor.EditorAssemblies:ProcessInitializeOnLoadMethodAttributes ()

(Filename: Assets/mirror/Editor/Weaver/CompilationFinishedHook.cs Line: 42)

Weaving failed for: Library/ScriptAssemblies/Unity.VisualScripting.Core.dll
UnityEngine.StackTraceUtility:ExtractStackTrace ()
UnityEngine.DebugLogHandler:LogFormat (UnityEngine.LogType,UnityEngine.Object,string,object[])
UnityEngine.Logger:Log (UnityEngine.LogType,object)
UnityEngine.Debug:LogError (object)
Mirror.Weaver.CompilationFinishedHook:OnCompilationFinished (string,UnityEditor.Compilation.CompilerMessage[]) (at Assets/mirror/Editor/Weaver/CompilationFinishedHook.cs:162)
Mirror.Weaver.CompilationFinishedHook:WeaveExistingAssemblies () (at Assets/mirror/Editor/Weaver/CompilationFinishedHook.cs:66)
Mirror.Weaver.CompilationFinishedHook:OnInitializeOnLoad () (at Assets/mirror/Editor/Weaver/CompilationFinishedHook.cs:56)
System.Reflection.RuntimeMethodInfo:Invoke (object,System.Reflection.BindingFlags,System.Reflection.Binder,object[],System.Globalization.CultureInfo)
System.Reflection.MethodBase:Invoke (object,object[])
UnityEditor.EditorAssemblies:ProcessInitializeOnLoadMethodAttributes ()

(Filename: Assets/mirror/Editor/Weaver/CompilationFinishedHook.cs Line: 162)

Find all reader and writers took 45 milliseconds
Script Module: UnityEngine.XR.LegacyInputHelpers.dll
Pass: 0 took 3 milliseconds
Pass: 1 took 0 milliseconds
Mirror.Weaver error: Exception :System.IO.IOException: Sharing violation on path C:\_Main\projects\vr\flock2\Library\ScriptAssemblies\Assembly-CSharp.dll
  at System.IO.FileStream..ctor (System.String path, System.IO.FileMode mode, System.IO.FileAccess access, System.IO.FileShare share, System.Int32 bufferSize, System.Boolean anonymous, System.IO.FileOptions options) [0x0019e] in <7e05db41a20b45108859fa03b97088d4>:0 
  at System.IO.FileStream..ctor (System.String path, System.IO.FileMode mode, System.IO.FileAccess access, System.IO.FileShare share) [0x00000] in <7e05db41a20b45108859fa03b97088d4>:0 
  at (wrapper remoting-invoke-with-check) System.IO.FileStream..ctor(string,System.IO.FileMode,System.IO.FileAccess,System.IO.FileShare)
  at Mono.CecilX.ModuleDefinition.GetFileStream (System.String fileName, System.IO.FileMode mode, System.IO.FileAccess access, System.IO.FileShare share) [0x00006] in <9a2bc2dadc3549b3bfc74bb584d58989>:0 
  at Mono.CecilX.ModuleDefinition.ReadModule (System.String fileName, Mono.CecilX.ReaderParameters parameters) [0x00008] in <9a2bc2dadc3549b3bfc74bb584d58989>:0 
  at Mono.CecilX.AssemblyDefinition.ReadAssembly (System.String fileName, Mono.CecilX.ReaderParameters parameters) [0x00000] in <9a2bc2dadc3549b3bfc74bb584d58989>:0 
  at Mirror.Weaver.Weaver.Weave (System.String assName, System.Collections.Generic.IEnumerable`1[T] dependencies, System.String unityEngineDLLPath, System.String mirrorNetDLLPath, System.String outputDir) [0x00006] in C:\_Main\projects\vr\flock2\Assets\mirror\Editor\Weaver\Weaver.cs:458 
  at Mirror.Weaver.Weaver.WeaveAssemblies (System.Collections.Generic.IEnumerable`1[T] assemblies, System.Collections.Generic.IEnumerable`1[T] dependencies, System.String outputDir, System.String unityEngineDLLPath, System.String mirrorNetDLLPath) [0x0003f] in C:\_Main\projects\vr\flock2\Assets\mirror\Editor\Weaver\Weaver.cs:569 
UnityEngine.StackTraceUtility:ExtractStackTrace ()
UnityEngine.DebugLogHandler:LogFormat (UnityEngine.LogType,UnityEngine.Object,string,object[])
UnityEngine.Logger:Log (UnityEngine.LogType,object)
UnityEngine.Debug:LogError (object)
Mirror.Weaver.CompilationFinishedHook:HandleError (string) (at Assets/mirror/Editor/Weaver/CompilationFinishedHook.cs:42)
Mirror.Weaver.Log:Error (string) (at Assets/mirror/Editor/Weaver/Program.cs:19)
Mirror.Weaver.Weaver:WeaveAssemblies (System.Collections.Generic.IEnumerable`1<string>,System.Collections.Generic.IEnumerable`1<string>,string,string,string) (at Assets/mirror/Editor/Weaver/Weaver.cs:577)
Mirror.Weaver.Program:Process (string,string,string,string[],string[],System.Action`1<string>,System.Action`1<string>) (at Assets/mirror/Editor/Weaver/Program.cs:33)
Mirror.Weaver.CompilationFinishedHook:OnCompilationFinished (string,UnityEditor.Compilation.CompilerMessage[]) (at Assets/mirror/Editor/Weaver/CompilationFinishedHook.cs:154)
Mirror.Weaver.CompilationFinishedHook:WeaveExistingAssemblies () (at Assets/mirror/Editor/Weaver/CompilationFinishedHook.cs:66)
Mirror.Weaver.CompilationFinishedHook:OnInitializeOnLoad () (at Assets/mirror/Editor/Weaver/CompilationFinishedHook.cs:56)
System.Reflection.RuntimeMethodInfo:Invoke (object,System.Reflection.BindingFlags,System.Reflection.Binder,object[],System.Globalization.CultureInfo)
System.Reflection.MethodBase:Invoke (object,object[])
UnityEditor.EditorAssemblies:ProcessInitializeOnLoadMethodAttributes ()

(Filename: Assets/mirror/Editor/Weaver/CompilationFinishedHook.cs Line: 42)

Weaving failed for: Library/ScriptAssemblies/Assembly-CSharp.dll
UnityEngine.StackTraceUtility:ExtractStackTrace ()
UnityEngine.DebugLogHandler:LogFormat (UnityEngine.LogType,UnityEngine.Object,string,object[])
UnityEngine.Logger:Log (UnityEngine.LogType,object)
UnityEngine.Debug:LogError (object)
Mirror.Weaver.CompilationFinishedHook:OnCompilationFinished (string,UnityEditor.Compilation.CompilerMessage[]) (at Assets/mirror/Editor/Weaver/CompilationFinishedHook.cs:162)
Mirror.Weaver.CompilationFinishedHook:WeaveExistingAssemblies () (at Assets/mirror/Editor/Weaver/CompilationFinishedHook.cs:66)
Mirror.Weaver.CompilationFinishedHook:OnInitializeOnLoad () (at Assets/mirror/Editor/Weaver/CompilationFinishedHook.cs:56)
System.Reflection.RuntimeMethodInfo:Invoke (object,System.Reflection.BindingFlags,System.Reflection.Binder,object[],System.Globalization.CultureInfo)
System.Reflection.MethodBase:Invoke (object,object[])
UnityEditor.EditorAssemblies:ProcessInitializeOnLoadMethodAttributes ()

(Filename: Assets/mirror/Editor/Weaver/CompilationFinishedHook.cs Line: 162)

Find all reader and writers took 47 milliseconds
Script Module: Unity.XR.Oculus.dll
Pass: 0 took 3 milliseconds
Pass: 1 took 0 milliseconds
Mirror.Weaver error: Exception :System.IO.IOException: Sharing violation on path C:\_Main\projects\vr\flock2\Library\ScriptAssemblies\Mirror.Components.dll
  at System.IO.FileStream..ctor (System.String path, System.IO.FileMode mode, System.IO.FileAccess access, System.IO.FileShare share, System.Int32 bufferSize, System.Boolean anonymous, System.IO.FileOptions options) [0x0019e] in <7e05db41a20b45108859fa03b97088d4>:0 
  at System.IO.FileStream..ctor (System.String path, System.IO.FileMode mode, System.IO.FileAccess access, System.IO.FileShare share) [0x00000] in <7e05db41a20b45108859fa03b97088d4>:0 
  at (wrapper remoting-invoke-with-check) System.IO.FileStream..ctor(string,System.IO.FileMode,System.IO.FileAccess,System.IO.FileShare)
  at Mono.CecilX.ModuleDefinition.GetFileStream (System.String fileName, System.IO.FileMode mode, System.IO.FileAccess access, System.IO.FileShare share) [0x00006] in <9a2bc2dadc3549b3bfc74bb584d58989>:0 
  at Mono.CecilX.ModuleDefinition.ReadModule (System.String fileName, Mono.CecilX.ReaderParameters parameters) [0x00008] in <9a2bc2dadc3549b3bfc74bb584d58989>:0 
  at Mono.CecilX.AssemblyDefinition.ReadAssembly (System.String fileName, Mono.CecilX.ReaderParameters parameters) [0x00000] in <9a2bc2dadc3549b3bfc74bb584d58989>:0 
  at Mirror.Weaver.Weaver.Weave (System.String assName, System.Collections.Generic.IEnumerable`1[T] dependencies, System.String unityEngineDLLPath, System.String mirrorNetDLLPath, System.String outputDir) [0x00006] in C:\_Main\projects\vr\flock2\Assets\mirror\Editor\Weaver\Weaver.cs:458 
  at Mirror.Weaver.Weaver.WeaveAssemblies (System.Collections.Generic.IEnumerable`1[T] assemblies, System.Collections.Generic.IEnumerable`1[T] dependencies, System.String outputDir, System.String unityEngineDLLPath, System.String mirrorNetDLLPath) [0x0003f] in C:\_Main\projects\vr\flock2\Assets\mirror\Editor\Weaver\Weaver.cs:569 
UnityEngine.StackTraceUtility:ExtractStackTrace ()
UnityEngine.DebugLogHandler:LogFormat (UnityEngine.LogType,UnityEngine.Object,string,object[])
UnityEngine.Logger:Log (UnityEngine.LogType,object)
UnityEngine.Debug:LogError (object)
Mirror.Weaver.CompilationFinishedHook:HandleError (string) (at Assets/mirror/Editor/Weaver/CompilationFinishedHook.cs:42)
Mirror.Weaver.Log:Error (string) (at Assets/mirror/Editor/Weaver/Program.cs:19)
Mirror.Weaver.Weaver:WeaveAssemblies (System.Collections.Generic.IEnumerable`1<string>,System.Collections.Generic.IEnumerable`1<string>,string,string,string) (at Assets/mirror/Editor/Weaver/Weaver.cs:577)
Mirror.Weaver.Program:Process (string,string,string,string[],string[],System.Action`1<string>,System.Action`1<string>) (at Assets/mirror/Editor/Weaver/Program.cs:33)
Mirror.Weaver.CompilationFinishedHook:OnCompilationFinished (string,UnityEditor.Compilation.CompilerMessage[]) (at Assets/mirror/Editor/Weaver/CompilationFinishedHook.cs:154)
Mirror.Weaver.CompilationFinishedHook:WeaveExistingAssemblies () (at Assets/mirror/Editor/Weaver/CompilationFinishedHook.cs:66)
Mirror.Weaver.CompilationFinishedHook:OnInitializeOnLoad () (at Assets/mirror/Editor/Weaver/CompilationFinishedHook.cs:56)
System.Reflection.RuntimeMethodInfo:Invoke (object,System.Reflection.BindingFlags,System.Reflection.Binder,object[],System.Globalization.CultureInfo)
System.Reflection.MethodBase:Invoke (object,object[])
UnityEditor.EditorAssemblies:ProcessInitializeOnLoadMethodAttributes ()

(Filename: Assets/mirror/Editor/Weaver/CompilationFinishedHook.cs Line: 42)

Weaving failed for: Library/ScriptAssemblies/Mirror.Components.dll
UnityEngine.StackTraceUtility:ExtractStackTrace ()
UnityEngine.DebugLogHandler:LogFormat (UnityEngine.LogType,UnityEngine.Object,string,object[])
UnityEngine.Logger:Log (UnityEngine.LogType,object)
UnityEngine.Debug:LogError (object)
Mirror.Weaver.CompilationFinishedHook:OnCompilationFinished (string,UnityEditor.Compilation.CompilerMessage[]) (at Assets/mirror/Editor/Weaver/CompilationFinishedHook.cs:162)
Mirror.Weaver.CompilationFinishedHook:WeaveExistingAssemblies () (at Assets/mirror/Editor/Weaver/CompilationFinishedHook.cs:66)
Mirror.Weaver.CompilationFinishedHook:OnInitializeOnLoad () (at Assets/mirror/Editor/Weaver/CompilationFinishedHook.cs:56)
System.Reflection.RuntimeMethodInfo:Invoke (object,System.Reflection.BindingFlags,System.Reflection.Binder,object[],System.Globalization.CultureInfo)
System.Reflection.MethodBase:Invoke (object,object[])
UnityEditor.EditorAssemblies:ProcessInitializeOnLoadMethodAttributes ()

(Filename: Assets/mirror/Editor/Weaver/CompilationFinishedHook.cs Line: 162)

Mirror.Weaver error: Exception :System.IO.IOException: Sharing violation on path C:\_Main\projects\vr\flock2\Library\ScriptAssemblies\Mirror.Components.dll
  at System.IO.FileStream..ctor (System.String path, System.IO.FileMode mode, System.IO.FileAccess access, System.IO.FileShare share, System.Int32 bufferSize, System.Boolean anonymous, System.IO.FileOptions options) [0x0019e] in <7e05db41a20b45108859fa03b97088d4>:0 
  at System.IO.FileStream..ctor (System.String path, System.IO.FileMode mode, System.IO.FileAccess access, System.IO.FileShare share) [0x00000] in <7e05db41a20b45108859fa03b97088d4>:0 
  at (wrapper remoting-invoke-with-check) System.IO.FileStream..ctor(string,System.IO.FileMode,System.IO.FileAccess,System.IO.FileShare)
  at Mono.CecilX.ModuleDefinition.GetFileStream (System.String fileName, System.IO.FileMode mode, System.IO.FileAccess access, System.IO.FileShare share) [0x00006] in <9a2bc2dadc3549b3bfc74bb584d58989>:0 
  at Mono.CecilX.ModuleDefinition.ReadModule (System.String fileName, Mono.CecilX.ReaderParameters parameters) [0x00008] in <9a2bc2dadc3549b3bfc74bb584d58989>:0 
  at Mono.CecilX.AssemblyDefinition.ReadAssembly (System.String fileName, Mono.CecilX.ReaderParameters parameters) [0x00000] in <9a2bc2dadc3549b3bfc74bb584d58989>:0 
  at Mirror.Weaver.ReaderWriterProcessor.ProcessReadersAndWriters (Mono.CecilX.AssemblyDefinition CurrentAssembly) [0x00036] in C:\_Main\projects\vr\flock2\Assets\mirror\Editor\Weaver\Processors\ReaderWriterProcessor.cs:22 
  at Mirror.Weaver.Weaver.Weave (System.String assName, System.Collections.Generic.IEnumerable`1[T] dependencies, System.String unityEngineDLLPath, System.String mirrorNetDLLPath, System.String outputDir) [0x0009c] in C:\_Main\projects\vr\flock2\Assets\mirror\Editor\Weaver\Weaver.cs:474 
  at Mirror.Weaver.Weaver.WeaveAssemblies (System.Collections.Generic.IEnumerable`1[T] assemblies, System.Collections.Generic.IEnumerable`1[T] dependencies, System.String outputDir, System.String unityEngineDLLPath, System.String mirrorNetDLLPath) [0x0003f] in C:\_Main\projects\vr\flock2\Assets\mirror\Editor\Weaver\Weaver.cs:569 
UnityEngine.StackTraceUtility:ExtractStackTrace ()
UnityEngine.DebugLogHandler:LogFormat (UnityEngine.LogType,UnityEngine.Object,string,object[])
UnityEngine.Logger:Log (UnityEngine.LogType,object)
UnityEngine.Debug:LogError (object)
Mirror.Weaver.CompilationFinishedHook:HandleError (string) (at Assets/mirror/Editor/Weaver/CompilationFinishedHook.cs:42)
Mirror.Weaver.Log:Error (string) (at Assets/mirror/Editor/Weaver/Program.cs:19)
Mirror.Weaver.Weaver:WeaveAssemblies (System.Collections.Generic.IEnumerable`1<string>,System.Collections.Generic.IEnumerable`1<string>,string,string,string) (at Assets/mirror/Editor/Weaver/Weaver.cs:577)
Mirror.Weaver.Program:Process (string,string,string,string[],string[],System.Action`1<string>,System.Action`1<string>) (at Assets/mirror/Editor/Weaver/Program.cs:33)
Mirror.Weaver.CompilationFinishedHook:OnCompilationFinished (string,UnityEditor.Compilation.CompilerMessage[]) (at Assets/mirror/Editor/Weaver/CompilationFinishedHook.cs:154)
Mirror.Weaver.CompilationFinishedHook:WeaveExistingAssemblies () (at Assets/mirror/Editor/Weaver/CompilationFinishedHook.cs:66)
Mirror.Weaver.CompilationFinishedHook:OnInitializeOnLoad () (at Assets/mirror/Editor/Weaver/CompilationFinishedHook.cs:56)
System.Reflection.RuntimeMethodInfo:Invoke (object,System.Reflection.BindingFlags,System.Reflection.Binder,object[],System.Globalization.CultureInfo)
System.Reflection.MethodBase:Invoke (object,object[])
UnityEditor.EditorAssemblies:ProcessInitializeOnLoadMethodAttributes ()

(Filename: Assets/mirror/Editor/Weaver/CompilationFinishedHook.cs Line: 42)

Weaving failed for: Library/ScriptAssemblies/Unity.TextMeshPro.dll
UnityEngine.StackTraceUtility:ExtractStackTrace ()
UnityEngine.DebugLogHandler:LogFormat (UnityEngine.LogType,UnityEngine.Object,string,object[])
UnityEngine.Logger:Log (UnityEngine.LogType,object)
UnityEngine.Debug:LogError (object)
Mirror.Weaver.CompilationFinishedHook:OnCompilationFinished (string,UnityEditor.Compilation.CompilerMessage[]) (at Assets/mirror/Editor/Weaver/CompilationFinishedHook.cs:162)
Mirror.Weaver.CompilationFinishedHook:WeaveExistingAssemblies () (at Assets/mirror/Editor/Weaver/CompilationFinishedHook.cs:66)
Mirror.Weaver.CompilationFinishedHook:OnInitializeOnLoad () (at Assets/mirror/Editor/Weaver/CompilationFinishedHook.cs:56)
System.Reflection.RuntimeMethodInfo:Invoke (object,System.Reflection.BindingFlags,System.Reflection.Binder,object[],System.Globalization.CultureInfo)
System.Reflection.MethodBase:Invoke (object,object[])
UnityEditor.EditorAssemblies:ProcessInitializeOnLoadMethodAttributes ()

(Filename: Assets/mirror/Editor/Weaver/CompilationFinishedHook.cs Line: 162)

Mirror.Weaver error: Exception :System.IO.IOException: Sharing violation on path C:\_Main\projects\vr\flock2\Library\ScriptAssemblies\Unity.TextMeshPro.dll
  at System.IO.FileStream..ctor (System.String path, System.IO.FileMode mode, System.IO.FileAccess access, System.IO.FileShare share, System.Int32 bufferSize, System.Boolean anonymous, System.IO.FileOptions options) [0x0019e] in <7e05db41a20b45108859fa03b97088d4>:0 
  at System.IO.FileStream..ctor (System.String path, System.IO.FileMode mode, System.IO.FileAccess access, System.IO.FileShare share) [0x00000] in <7e05db41a20b45108859fa03b97088d4>:0 
  at (wrapper remoting-invoke-with-check) System.IO.FileStream..ctor(string,System.IO.FileMode,System.IO.FileAccess,System.IO.FileShare)
  at Mono.CecilX.ModuleDefinition.GetFileStream (System.String fileName, System.IO.FileMode mode, System.IO.FileAccess access, System.IO.FileShare share) [0x00006] in <9a2bc2dadc3549b3bfc74bb584d58989>:0 
  at Mono.CecilX.ModuleDefinition.ReadModule (System.String fileName, Mono.CecilX.ReaderParameters parameters) [0x00008] in <9a2bc2dadc3549b3bfc74bb584d58989>:0 
  at Mono.CecilX.AssemblyDefinition.ReadAssembly (System.String fileName, Mono.CecilX.ReaderParameters parameters) [0x00000] in <9a2bc2dadc3549b3bfc74bb584d58989>:0 
  at Mirror.Weaver.ReaderWriterProcessor.ProcessReadersAndWriters (Mono.CecilX.AssemblyDefinition CurrentAssembly) [0x00036] in C:\_Main\projects\vr\flock2\Assets\mirror\Editor\Weaver\Processors\ReaderWriterProcessor.cs:22 
  at Mirror.Weaver.Weaver.Weave (System.String assName, System.Collections.Generic.IEnumerable`1[T] dependencies, System.String unityEngineDLLPath, System.String mirrorNetDLLPath, System.String outputDir) [0x0009c] in C:\_Main\projects\vr\flock2\Assets\mirror\Editor\Weaver\Weaver.cs:474 
  at Mirror.Weaver.Weaver.WeaveAssemblies (System.Collections.Generic.IEnumerable`1[T] assemblies, System.Collections.Generic.IEnumerable`1[T] dependencies, System.String outputDir, System.String unityEngineDLLPath, System.String mirrorNetDLLPath) [0x0003f] in C:\_Main\projects\vr\flock2\Assets\mirror\Editor\Weaver\Weaver.cs:569 
UnityEngine.StackTraceUtility:ExtractStackTrace ()
UnityEngine.DebugLogHandler:LogFormat (UnityEngine.LogType,UnityEngine.Object,string,object[])
UnityEngine.Logger:Log (UnityEngine.LogType,object)
UnityEngine.Debug:LogError (object)
Mirror.Weaver.CompilationFinishedHook:HandleError (string) (at Assets/mirror/Editor/Weaver/CompilationFinishedHook.cs:42)
Mirror.Weaver.Log:Error (string) (at Assets/mirror/Editor/Weaver/Program.cs:19)
Mirror.Weaver.Weaver:WeaveAssemblies (System.Collections.Generic.IEnumerable`1<string>,System.Collections.Generic.IEnumerable`1<string>,string,string,string) (at Assets/mirror/Editor/Weaver/Weaver.cs:577)
Mirror.Weaver.Program:Process (string,string,string,string[],string[],System.Action`1<string>,System.Action`1<string>) (at Assets/mirror/Editor/Weaver/Program.cs:33)
Mirror.Weaver.CompilationFinishedHook:OnCompilationFinished (string,UnityEditor.Compilation.CompilerMessage[]) (at Assets/mirror/Editor/Weaver/CompilationFinishedHook.cs:154)
Mirror.Weaver.CompilationFinishedHook:WeaveExistingAssemblies () (at Assets/mirror/Editor/Weaver/CompilationFinishedHook.cs:66)
Mirror.Weaver.CompilationFinishedHook:OnInitializeOnLoad () (at Assets/mirror/Editor/Weaver/CompilationFinishedHook.cs:56)
System.Reflection.RuntimeMethodInfo:Invoke (object,System.Reflection.BindingFlags,System.Reflection.Binder,object[],System.Globalization.CultureInfo)
System.Reflection.MethodBase:Invoke (object,object[])
UnityEditor.EditorAssemblies:ProcessInitializeOnLoadMethodAttributes ()

(Filename: Assets/mirror/Editor/Weaver/CompilationFinishedHook.cs Line: 42)

Weaving failed for: Library/ScriptAssemblies/Unity.Timeline.dll
UnityEngine.StackTraceUtility:ExtractStackTrace ()
UnityEngine.DebugLogHandler:LogFormat (UnityEngine.LogType,UnityEngine.Object,string,object[])
UnityEngine.Logger:Log (UnityEngine.LogType,object)
UnityEngine.Debug:LogError (object)
Mirror.Weaver.CompilationFinishedHook:OnCompilationFinished (string,UnityEditor.Compilation.CompilerMessage[]) (at Assets/mirror/Editor/Weaver/CompilationFinishedHook.cs:162)
Mirror.Weaver.CompilationFinishedHook:WeaveExistingAssemblies () (at Assets/mirror/Editor/Weaver/CompilationFinishedHook.cs:66)
Mirror.Weaver.CompilationFinishedHook:OnInitializeOnLoad () (at Assets/mirror/Editor/Weaver/CompilationFinishedHook.cs:56)
System.Reflection.RuntimeMethodInfo:Invoke (object,System.Reflection.BindingFlags,System.Reflection.Binder,object[],System.Globalization.CultureInfo)
System.Reflection.MethodBase:Invoke (object,object[])
UnityEditor.EditorAssemblies:ProcessInitializeOnLoadMethodAttributes ()

(Filename: Assets/mirror/Editor/Weaver/CompilationFinishedHook.cs Line: 162)

Mirror.Weaver error: Exception :System.IO.IOException: Sharing violation on path C:\_Main\projects\vr\flock2\Library\ScriptAssemblies\Unity.Timeline.dll
  at System.IO.FileStream..ctor (System.String path, System.IO.FileMode mode, System.IO.FileAccess access, System.IO.FileShare share, System.Int32 bufferSize, System.Boolean anonymous, System.IO.FileOptions options) [0x0019e] in <7e05db41a20b45108859fa03b97088d4>:0 
  at System.IO.FileStream..ctor (System.String path, System.IO.FileMode mode, System.IO.FileAccess access, System.IO.FileShare share) [0x00000] in <7e05db41a20b45108859fa03b97088d4>:0 
  at (wrapper remoting-invoke-with-check) System.IO.FileStream..ctor(string,System.IO.FileMode,System.IO.FileAccess,System.IO.FileShare)
  at Mono.CecilX.ModuleDefinition.GetFileStream (System.String fileName, System.IO.FileMode mode, System.IO.FileAccess access, System.IO.FileShare share) [0x00006] in <9a2bc2dadc3549b3bfc74bb584d58989>:0 
  at Mono.CecilX.ModuleDefinition.ReadModule (System.String fileName, Mono.CecilX.ReaderParameters parameters) [0x00008] in <9a2bc2dadc3549b3bfc74bb584d58989>:0 
  at Mono.CecilX.AssemblyDefinition.ReadAssembly (System.String fileName, Mono.CecilX.ReaderParameters parameters) [0x00000] in <9a2bc2dadc3549b3bfc74bb584d58989>:0 
  at Mirror.Weaver.ReaderWriterProcessor.ProcessReadersAndWriters (Mono.CecilX.AssemblyDefinition CurrentAssembly) [0x00036] in C:\_Main\projects\vr\flock2\Assets\mirror\Editor\Weaver\Processors\ReaderWriterProcessor.cs:22 
  at Mirror.Weaver.Weaver.Weave (System.String assName, System.Collections.Generic.IEnumerable`1[T] dependencies, System.String unityEngineDLLPath, System.String mirrorNetDLLPath, System.String outputDir) [0x0009c] in C:\_Main\projects\vr\flock2\Assets\mirror\Editor\Weaver\Weaver.cs:474 
  at Mirror.Weaver.Weaver.WeaveAssemblies (System.Collections.Generic.IEnumerable`1[T] assemblies, System.Collections.Generic.IEnumerable`1[T] dependencies, System.String outputDir, System.String unityEngineDLLPath, System.String mirrorNetDLLPath) [0x0003f] in C:\_Main\projects\vr\flock2\Assets\mirror\Editor\Weaver\Weaver.cs:569 
UnityEngine.StackTraceUtility:ExtractStackTrace ()
UnityEngine.DebugLogHandler:LogFormat (UnityEngine.LogType,UnityEngine.Object,string,object[])
UnityEngine.Logger:Log (UnityEngine.LogType,object)
UnityEngine.Debug:LogError (object)
Mirror.Weaver.CompilationFinishedHook:HandleError (string) (at Assets/mirror/Editor/Weaver/CompilationFinishedHook.cs:42)
Mirror.Weaver.Log:Error (string) (at Assets/mirror/Editor/Weaver/Program.cs:19)
Mirror.Weaver.Weaver:WeaveAssemblies (System.Collections.Generic.IEnumerable`1<string>,System.Collections.Generic.IEnumerable`1<string>,string,string,string) (at Assets/mirror/Editor/Weaver/Weaver.cs:577)
Mirror.Weaver.Program:Process (string,string,string,string[],string[],System.Action`1<string>,System.Action`1<string>) (at Assets/mirror/Editor/Weaver/Program.cs:33)
Mirror.Weaver.CompilationFinishedHook:OnCompilationFinished (string,UnityEditor.Compilation.CompilerMessage[]) (at Assets/mirror/Editor/Weaver/CompilationFinishedHook.cs:154)
Mirror.Weaver.CompilationFinishedHook:WeaveExistingAssemblies () (at Assets/mirror/Editor/Weaver/CompilationFinishedHook.cs:66)
Mirror.Weaver.CompilationFinishedHook:OnInitializeOnLoad () (at Assets/mirror/Editor/Weaver/CompilationFinishedHook.cs:56)
System.Reflection.RuntimeMethodInfo:Invoke (object,System.Reflection.BindingFlags,System.Reflection.Binder,object[],System.Globalization.CultureInfo)
System.Reflection.MethodBase:Invoke (object,object[])
UnityEditor.EditorAssemblies:ProcessInitializeOnLoadMethodAttributes ()

(Filename: Assets/mirror/Editor/Weaver/CompilationFinishedHook.cs Line: 42)

Weaving failed for: Library/ScriptAssemblies/Assembly-CSharp-firstpass.dll
UnityEngine.StackTraceUtility:ExtractStackTrace ()
UnityEngine.DebugLogHandler:LogFormat (UnityEngine.LogType,UnityEngine.Object,string,object[])
UnityEngine.Logger:Log (UnityEngine.LogType,object)
UnityEngine.Debug:LogError (object)
Mirror.Weaver.CompilationFinishedHook:OnCompilationFinished (string,UnityEditor.Compilation.CompilerMessage[]) (at Assets/mirror/Editor/Weaver/CompilationFinishedHook.cs:162)
Mirror.Weaver.CompilationFinishedHook:WeaveExistingAssemblies () (at Assets/mirror/Editor/Weaver/CompilationFinishedHook.cs:66)
Mirror.Weaver.CompilationFinishedHook:OnInitializeOnLoad () (at Assets/mirror/Editor/Weaver/CompilationFinishedHook.cs:56)
System.Reflection.RuntimeMethodInfo:Invoke (object,System.Reflection.BindingFlags,System.Reflection.Binder,object[],System.Globalization.CultureInfo)
System.Reflection.MethodBase:Invoke (object,object[])
UnityEditor.EditorAssemblies:ProcessInitializeOnLoadMethodAttributes ()

(Filename: Assets/mirror/Editor/Weaver/CompilationFinishedHook.cs Line: 162)

Mirror.Weaver error: Exception :System.IO.IOException: Sharing violation on path C:\_Main\projects\vr\flock2\Library\ScriptAssemblies\Assembly-CSharp-firstpass.dll
  at System.IO.FileStream..ctor (System.String path, System.IO.FileMode mode, System.IO.FileAccess access, System.IO.FileShare share, System.Int32 bufferSize, System.Boolean anonymous, System.IO.FileOptions options) [0x0019e] in <7e05db41a20b45108859fa03b97088d4>:0 
  at System.IO.FileStream..ctor (System.String path, System.IO.FileMode mode, System.IO.FileAccess access, System.IO.FileShare share) [0x00000] in <7e05db41a20b45108859fa03b97088d4>:0 
  at (wrapper remoting-invoke-with-check) System.IO.FileStream..ctor(string,System.IO.FileMode,System.IO.FileAccess,System.IO.FileShare)
  at Mono.CecilX.ModuleDefinition.GetFileStream (System.String fileName, System.IO.FileMode mode, System.IO.FileAccess access, System.IO.FileShare share) [0x00006] in <9a2bc2dadc3549b3bfc74bb584d58989>:0 
  at Mono.CecilX.ModuleDefinition.ReadModule (System.String fileName, Mono.CecilX.ReaderParameters parameters) [0x00008] in <9a2bc2dadc3549b3bfc74bb584d58989>:0 
  at Mono.CecilX.AssemblyDefinition.ReadAssembly (System.String fileName, Mono.CecilX.ReaderParameters parameters) [0x00000] in <9a2bc2dadc3549b3bfc74bb584d58989>:0 
  at Mirror.Weaver.ReaderWriterProcessor.ProcessReadersAndWriters (Mono.CecilX.AssemblyDefinition CurrentAssembly) [0x00036] in C:\_Main\projects\vr\flock2\Assets\mirror\Editor\Weaver\Processors\ReaderWriterProcessor.cs:22 
  at Mirror.Weaver.Weaver.Weave (System.String assName, System.Collections.Generic.IEnumerable`1[T] dependencies, System.String unityEngineDLLPath, System.String mirrorNetDLLPath, System.String outputDir) [0x0009c] in C:\_Main\projects\vr\flock2\Assets\mirror\Editor\Weaver\Weaver.cs:474 
  at Mirror.Weaver.Weaver.WeaveAssemblies (System.Collections.Generic.IEnumerable`1[T] assemblies, System.Collections.Generic.IEnumerable`1[T] dependencies, System.String outputDir, System.String unityEngineDLLPath, System.String mirrorNetDLLPath) [0x0003f] in C:\_Main\projects\vr\flock2\Assets\mirror\Editor\Weaver\Weaver.cs:569 
UnityEngine.StackTraceUtility:ExtractStackTrace ()
UnityEngine.DebugLogHandler:LogFormat (UnityEngine.LogType,UnityEngine.Object,string,object[])
UnityEngine.Logger:Log (UnityEngine.LogType,object)
UnityEngine.Debug:LogError (object)
Mirror.Weaver.CompilationFinishedHook:HandleError (string) (at Assets/mirror/Editor/Weaver/CompilationFinishedHook.cs:42)
Mirror.Weaver.Log:Error (string) (at Assets/mirror/Editor/Weaver/Program.cs:19)
Mirror.Weaver.Weaver:WeaveAssemblies (System.Collections.Generic.IEnumerable`1<string>,System.Collections.Generic.IEnumerable`1<string>,string,string,string) (at Assets/mirror/Editor/Weaver/Weaver.cs:577)
Mirror.Weaver.Program:Process (string,string,string,string[],string[],System.Action`1<string>,System.Action`1<string>) (at Assets/mirror/Editor/Weaver/Program.cs:33)
Mirror.Weaver.CompilationFinishedHook:OnCompilationFinished (string,UnityEditor.Compilation.CompilerMessage[]) (at Assets/mirror/Editor/Weaver/CompilationFinishedHook.cs:154)
Mirror.Weaver.CompilationFinishedHook:WeaveExistingAssemblies () (at Assets/mirror/Editor/Weaver/CompilationFinishedHook.cs:66)
Mirror.Weaver.CompilationFinishedHook:OnInitializeOnLoad () (at Assets/mirror/Editor/Weaver/CompilationFinishedHook.cs:56)
System.Reflection.RuntimeMethodInfo:Invoke (object,System.Reflection.BindingFlags,System.Reflection.Binder,object[],System.Globalization.CultureInfo)
System.Reflection.MethodBase:Invoke (object,object[])
UnityEditor.EditorAssemblies:ProcessInitializeOnLoadMethodAttributes ()

(Filename: Assets/mirror/Editor/Weaver/CompilationFinishedHook.cs Line: 42)

Weaving failed for: Library/ScriptAssemblies/Ninja.WebSockets.dll
UnityEngine.StackTraceUtility:ExtractStackTrace ()
UnityEngine.DebugLogHandler:LogFormat (UnityEngine.LogType,UnityEngine.Object,string,object[])
UnityEngine.Logger:Log (UnityEngine.LogType,object)
UnityEngine.Debug:LogError (object)
Mirror.Weaver.CompilationFinishedHook:OnCompilationFinished (string,UnityEditor.Compilation.CompilerMessage[]) (at Assets/mirror/Editor/Weaver/CompilationFinishedHook.cs:162)
Mirror.Weaver.CompilationFinishedHook:WeaveExistingAssemblies () (at Assets/mirror/Editor/Weaver/CompilationFinishedHook.cs:66)
Mirror.Weaver.CompilationFinishedHook:OnInitializeOnLoad () (at Assets/mirror/Editor/Weaver/CompilationFinishedHook.cs:56)
System.Reflection.RuntimeMethodInfo:Invoke (object,System.Reflection.BindingFlags,System.Reflection.Binder,object[],System.Globalization.CultureInfo)
System.Reflection.MethodBase:Invoke (object,object[])
UnityEditor.EditorAssemblies:ProcessInitializeOnLoadMethodAttributes ()

(Filename: Assets/mirror/Editor/Weaver/CompilationFinishedHook.cs Line: 162)

Find all reader and writers took 44 milliseconds
Script Module: Mirror.Examples.dll
Pass: 0 took 3 milliseconds
[CreatePlayerMessage] MessageClassProcessor Start
[CreatePlayerMessage]   GenerateSerialization
[CreatePlayerMessage]   GenerateDeserialization
[CreatePlayerMessage] MessageClassProcessor Done
Pass: 1 took 11 milliseconds
  ProcessSitesModule Mirror.Examples.dll elapsed time:00:00:00.0090899
Mirror.Weaver error: Exception :System.IO.IOException: Sharing violation on path C:\_Main\projects\vr\flock2\Library\ScriptAssemblies\Mirror.Authenticators.dll
  at System.IO.FileStream..ctor (System.String path, System.IO.FileMode mode, System.IO.FileAccess access, System.IO.FileShare share, System.Int32 bufferSize, System.Boolean anonymous, System.IO.FileOptions options) [0x0019e] in <7e05db41a20b45108859fa03b97088d4>:0 
  at System.IO.FileStream..ctor (System.String path, System.IO.FileMode mode, System.IO.FileAccess access, System.IO.FileShare share) [0x00000] in <7e05db41a20b45108859fa03b97088d4>:0 
  at (wrapper remoting-invoke-with-check) System.IO.FileStream..ctor(string,System.IO.FileMode,System.IO.FileAccess,System.IO.FileShare)
  at Mono.CecilX.ModuleDefinition.GetFileStream (System.String fileName, System.IO.FileMode mode, System.IO.FileAccess access, System.IO.FileShare share) [0x00006] in <9a2bc2dadc3549b3bfc74bb584d58989>:0 
  at Mono.CecilX.ModuleDefinition.ReadModule (System.String fileName, Mono.CecilX.ReaderParameters parameters) [0x00008] in <9a2bc2dadc3549b3bfc74bb584d58989>:0 
  at Mono.CecilX.AssemblyDefinition.ReadAssembly (System.String fileName, Mono.CecilX.ReaderParameters parameters) [0x00000] in <9a2bc2dadc3549b3bfc74bb584d58989>:0 
  at Mirror.Weaver.ReaderWriterProcessor.ProcessReadersAndWriters (Mono.CecilX.AssemblyDefinition CurrentAssembly) [0x00036] in C:\_Main\projects\vr\flock2\Assets\mirror\Editor\Weaver\Processors\ReaderWriterProcessor.cs:22 
  at Mirror.Weaver.Weaver.Weave (System.String assName, System.Collections.Generic.IEnumerable`1[T] dependencies, System.String unityEngineDLLPath, System.String mirrorNetDLLPath, System.String outputDir) [0x0009c] in C:\_Main\projects\vr\flock2\Assets\mirror\Editor\Weaver\Weaver.cs:474 
  at Mirror.Weaver.Weaver.WeaveAssemblies (System.Collections.Generic.IEnumerable`1[T] assemblies, System.Collections.Generic.IEnumerable`1[T] dependencies, System.String outputDir, System.String unityEngineDLLPath, System.String mirrorNetDLLPath) [0x0003f] in C:\_Main\projects\vr\flock2\Assets\mirror\Editor\Weaver\Weaver.cs:569 
UnityEngine.StackTraceUtility:ExtractStackTrace ()
UnityEngine.DebugLogHandler:LogFormat (UnityEngine.LogType,UnityEngine.Object,string,object[])
UnityEngine.Logger:Log (UnityEngine.LogType,object)
UnityEngine.Debug:LogError (object)
Mirror.Weaver.CompilationFinishedHook:HandleError (string) (at Assets/mirror/Editor/Weaver/CompilationFinishedHook.cs:42)
Mirror.Weaver.Log:Error (string) (at Assets/mirror/Editor/Weaver/Program.cs:19)
Mirror.Weaver.Weaver:WeaveAssemblies (System.Collections.Generic.IEnumerable`1<string>,System.Collections.Generic.IEnumerable`1<string>,string,string,string) (at Assets/mirror/Editor/Weaver/Weaver.cs:577)
Mirror.Weaver.Program:Process (string,string,string,string[],string[],System.Action`1<string>,System.Action`1<string>) (at Assets/mirror/Editor/Weaver/Program.cs:33)
Mirror.Weaver.CompilationFinishedHook:OnCompilationFinished (string,UnityEditor.Compilation.CompilerMessage[]) (at Assets/mirror/Editor/Weaver/CompilationFinishedHook.cs:154)
Mirror.Weaver.CompilationFinishedHook:WeaveExistingAssemblies () (at Assets/mirror/Editor/Weaver/CompilationFinishedHook.cs:66)
Mirror.Weaver.CompilationFinishedHook:OnInitializeOnLoad () (at Assets/mirror/Editor/Weaver/CompilationFinishedHook.cs:56)
System.Reflection.RuntimeMethodInfo:Invoke (object,System.Reflection.BindingFlags,System.Reflection.Binder,object[],System.Globalization.CultureInfo)
System.Reflection.MethodBase:Invoke (object,object[])
UnityEditor.EditorAssemblies:ProcessInitializeOnLoadMethodAttributes ()

(Filename: Assets/mirror/Editor/Weaver/CompilationFinishedHook.cs Line: 42)

Weaving failed for: Library/ScriptAssemblies/Unity.XR.Management.dll
UnityEngine.StackTraceUtility:ExtractStackTrace ()
UnityEngine.DebugLogHandler:LogFormat (UnityEngine.LogType,UnityEngine.Object,string,object[])
UnityEngine.Logger:Log (UnityEngine.LogType,object)
UnityEngine.Debug:LogError (object)
Mirror.Weaver.CompilationFinishedHook:OnCompilationFinished (string,UnityEditor.Compilation.CompilerMessage[]) (at Assets/mirror/Editor/Weaver/CompilationFinishedHook.cs:162)
Mirror.Weaver.CompilationFinishedHook:WeaveExistingAssemblies () (at Assets/mirror/Editor/Weaver/CompilationFinishedHook.cs:66)
Mirror.Weaver.CompilationFinishedHook:OnInitializeOnLoad () (at Assets/mirror/Editor/Weaver/CompilationFinishedHook.cs:56)
System.Reflection.RuntimeMethodInfo:Invoke (object,System.Reflection.BindingFlags,System.Reflection.Binder,object[],System.Globalization.CultureInfo)
System.Reflection.MethodBase:Invoke (object,object[])
UnityEditor.EditorAssemblies:ProcessInitializeOnLoadMethodAttributes ()

(Filename: Assets/mirror/Editor/Weaver/CompilationFinishedHook.cs Line: 162)

Mirror.Weaver error: Exception :System.IO.IOException: Sharing violation on path C:\_Main\projects\vr\flock2\Library\ScriptAssemblies\Mirror.Authenticators.dll
  at System.IO.FileStream..ctor (System.String path, System.IO.FileMode mode, System.IO.FileAccess access, System.IO.FileShare share, System.Int32 bufferSize, System.Boolean anonymous, System.IO.FileOptions options) [0x0019e] in <7e05db41a20b45108859fa03b97088d4>:0 
  at System.IO.FileStream..ctor (System.String path, System.IO.FileMode mode, System.IO.FileAccess access, System.IO.FileShare share) [0x00000] in <7e05db41a20b45108859fa03b97088d4>:0 
  at (wrapper remoting-invoke-with-check) System.IO.FileStream..ctor(string,System.IO.FileMode,System.IO.FileAccess,System.IO.FileShare)
  at Mono.CecilX.ModuleDefinition.GetFileStream (System.String fileName, System.IO.FileMode mode, System.IO.FileAccess access, System.IO.FileShare share) [0x00006] in <9a2bc2dadc3549b3bfc74bb584d58989>:0 
  at Mono.CecilX.ModuleDefinition.ReadModule (System.String fileName, Mono.CecilX.ReaderParameters parameters) [0x00008] in <9a2bc2dadc3549b3bfc74bb584d58989>:0 
  at Mono.CecilX.AssemblyDefinition.ReadAssembly (System.String fileName, Mono.CecilX.ReaderParameters parameters) [0x00000] in <9a2bc2dadc3549b3bfc74bb584d58989>:0 
  at Mirror.Weaver.Weaver.Weave (System.String assName, System.Collections.Generic.IEnumerable`1[T] dependencies, System.String unityEngineDLLPath, System.String mirrorNetDLLPath, System.String outputDir) [0x00006] in C:\_Main\projects\vr\flock2\Assets\mirror\Editor\Weaver\Weaver.cs:458 
  at Mirror.Weaver.Weaver.WeaveAssemblies (System.Collections.Generic.IEnumerable`1[T] assemblies, System.Collections.Generic.IEnumerable`1[T] dependencies, System.String outputDir, System.String unityEngineDLLPath, System.String mirrorNetDLLPath) [0x0003f] in C:\_Main\projects\vr\flock2\Assets\mirror\Editor\Weaver\Weaver.cs:569 
UnityEngine.StackTraceUtility:ExtractStackTrace ()
UnityEngine.DebugLogHandler:LogFormat (UnityEngine.LogType,UnityEngine.Object,string,object[])
UnityEngine.Logger:Log (UnityEngine.LogType,object)
UnityEngine.Debug:LogError (object)
Mirror.Weaver.CompilationFinishedHook:HandleError (string) (at Assets/mirror/Editor/Weaver/CompilationFinishedHook.cs:42)
Mirror.Weaver.Log:Error (string) (at Assets/mirror/Editor/Weaver/Program.cs:19)
Mirror.Weaver.Weaver:WeaveAssemblies (System.Collections.Generic.IEnumerable`1<string>,System.Collections.Generic.IEnumerable`1<string>,string,string,string) (at Assets/mirror/Editor/Weaver/Weaver.cs:577)
Mirror.Weaver.Program:Process (string,string,string,string[],string[],System.Action`1<string>,System.Action`1<string>) (at Assets/mirror/Editor/Weaver/Program.cs:33)
Mirror.Weaver.CompilationFinishedHook:OnCompilationFinished (string,UnityEditor.Compilation.CompilerMessage[]) (at Assets/mirror/Editor/Weaver/CompilationFinishedHook.cs:154)
Mirror.Weaver.CompilationFinishedHook:WeaveExistingAssemblies () (at Assets/mirror/Editor/Weaver/CompilationFinishedHook.cs:66)
Mirror.Weaver.CompilationFinishedHook:OnInitializeOnLoad () (at Assets/mirror/Editor/Weaver/CompilationFinishedHook.cs:56)
System.Reflection.RuntimeMethodInfo:Invoke (object,System.Reflection.BindingFlags,System.Reflection.Binder,object[],System.Globalization.CultureInfo)
System.Reflection.MethodBase:Invoke (object,object[])
UnityEditor.EditorAssemblies:ProcessInitializeOnLoadMethodAttributes ()

(Filename: Assets/mirror/Editor/Weaver/CompilationFinishedHook.cs Line: 42)

Weaving failed for: Library/ScriptAssemblies/Mirror.Authenticators.dll
UnityEngine.StackTraceUtility:ExtractStackTrace ()
UnityEngine.DebugLogHandler:LogFormat (UnityEngine.LogType,UnityEngine.Object,string,object[])
UnityEngine.Logger:Log (UnityEngine.LogType,object)
UnityEngine.Debug:LogError (object)
Mirror.Weaver.CompilationFinishedHook:OnCompilationFinished (string,UnityEditor.Compilation.CompilerMessage[]) (at Assets/mirror/Editor/Weaver/CompilationFinishedHook.cs:162)
Mirror.Weaver.CompilationFinishedHook:WeaveExistingAssemblies () (at Assets/mirror/Editor/Weaver/CompilationFinishedHook.cs:66)
Mirror.Weaver.CompilationFinishedHook:OnInitializeOnLoad () (at Assets/mirror/Editor/Weaver/CompilationFinishedHook.cs:56)
System.Reflection.RuntimeMethodInfo:Invoke (object,System.Reflection.BindingFlags,System.Reflection.Binder,object[],System.Globalization.CultureInfo)
System.Reflection.MethodBase:Invoke (object,object[])
UnityEditor.EditorAssemblies:ProcessInitializeOnLoadMethodAttributes ()

(Filename: Assets/mirror/Editor/Weaver/CompilationFinishedHook.cs Line: 162)

Find all reader and writers took 46 milliseconds
Script Module: UnityEditor.TestRunner.dll
Pass: 0 took 16 milliseconds
Pass: 1 took 0 milliseconds
Mirror.Weaver error: Exception :System.IO.IOException: Sharing violation on path C:\_Main\projects\vr\flock2\Library\ScriptAssemblies\Mirror.CompilerSymbols.dll
  at System.IO.FileStream..ctor (System.String path, System.IO.FileMode mode, System.IO.FileAccess access, System.IO.FileShare share, System.Int32 bufferSize, System.Boolean anonymous, System.IO.FileOptions options) [0x0019e] in <7e05db41a20b45108859fa03b97088d4>:0 
  at System.IO.FileStream..ctor (System.String path, System.IO.FileMode mode, System.IO.FileAccess access, System.IO.FileShare share) [0x00000] in <7e05db41a20b45108859fa03b97088d4>:0 
  at (wrapper remoting-invoke-with-check) System.IO.FileStream..ctor(string,System.IO.FileMode,System.IO.FileAccess,System.IO.FileShare)
  at Mono.CecilX.ModuleDefinition.GetFileStream (System.String fileName, System.IO.FileMode mode, System.IO.FileAccess access, System.IO.FileShare share) [0x00006] in <9a2bc2dadc3549b3bfc74bb584d58989>:0 
  at Mono.CecilX.ModuleDefinition.ReadModule (System.String fileName, Mono.CecilX.ReaderParameters parameters) [0x00008] in <9a2bc2dadc3549b3bfc74bb584d58989>:0 
  at Mono.CecilX.AssemblyDefinition.ReadAssembly (System.String fileName, Mono.CecilX.ReaderParameters parameters) [0x00000] in <9a2bc2dadc3549b3bfc74bb584d58989>:0 
  at Mirror.Weaver.Weaver.Weave (System.String assName, System.Collections.Generic.IEnumerable`1[T] dependencies, System.String unityEngineDLLPath, System.String mirrorNetDLLPath, System.String outputDir) [0x00006] in C:\_Main\projects\vr\flock2\Assets\mirror\Editor\Weaver\Weaver.cs:458 
  at Mirror.Weaver.Weaver.WeaveAssemblies (System.Collections.Generic.IEnumerable`1[T] assemblies, System.Collections.Generic.IEnumerable`1[T] dependencies, System.String outputDir, System.String unityEngineDLLPath, System.String mirrorNetDLLPath) [0x0003f] in C:\_Main\projects\vr\flock2\Assets\mirror\Editor\Weaver\Weaver.cs:569 
UnityEngine.StackTraceUtility:ExtractStackTrace ()
UnityEngine.DebugLogHandler:LogFormat (UnityEngine.LogType,UnityEngine.Object,string,object[])
UnityEngine.Logger:Log (UnityEngine.LogType,object)
UnityEngine.Debug:LogError (object)
Mirror.Weaver.CompilationFinishedHook:HandleError (string) (at Assets/mirror/Editor/Weaver/CompilationFinishedHook.cs:42)
Mirror.Weaver.Log:Error (string) (at Assets/mirror/Editor/Weaver/Program.cs:19)
Mirror.Weaver.Weaver:WeaveAssemblies (System.Collections.Generic.IEnumerable`1<string>,System.Collections.Generic.IEnumerable`1<string>,string,string,string) (at Assets/mirror/Editor/Weaver/Weaver.cs:577)
Mirror.Weaver.Program:Process (string,string,string,string[],string[],System.Action`1<string>,System.Action`1<string>) (at Assets/mirror/Editor/Weaver/Program.cs:33)
Mirror.Weaver.CompilationFinishedHook:OnCompilationFinished (string,UnityEditor.Compilation.CompilerMessage[]) (at Assets/mirror/Editor/Weaver/CompilationFinishedHook.cs:154)
Mirror.Weaver.CompilationFinishedHook:WeaveExistingAssemblies () (at Assets/mirror/Editor/Weaver/CompilationFinishedHook.cs:66)
Mirror.Weaver.CompilationFinishedHook:OnInitializeOnLoad () (at Assets/mirror/Editor/Weaver/CompilationFinishedHook.cs:56)
System.Reflection.RuntimeMethodInfo:Invoke (object,System.Reflection.BindingFlags,System.Reflection.Binder,object[],System.Globalization.CultureInfo)
System.Reflection.MethodBase:Invoke (object,object[])
UnityEditor.EditorAssemblies:ProcessInitializeOnLoadMethodAttributes ()

(Filename: Assets/mirror/Editor/Weaver/CompilationFinishedHook.cs Line: 42)

Weaving failed for: Library/ScriptAssemblies/Mirror.CompilerSymbols.dll
UnityEngine.StackTraceUtility:ExtractStackTrace ()
UnityEngine.DebugLogHandler:LogFormat (UnityEngine.LogType,UnityEngine.Object,string,object[])
UnityEngine.Logger:Log (UnityEngine.LogType,object)
UnityEngine.Debug:LogError (object)
Mirror.Weaver.CompilationFinishedHook:OnCompilationFinished (string,UnityEditor.Compilation.CompilerMessage[]) (at Assets/mirror/Editor/Weaver/CompilationFinishedHook.cs:162)
Mirror.Weaver.CompilationFinishedHook:WeaveExistingAssemblies () (at Assets/mirror/Editor/Weaver/CompilationFinishedHook.cs:66)
Mirror.Weaver.CompilationFinishedHook:OnInitializeOnLoad () (at Assets/mirror/Editor/Weaver/CompilationFinishedHook.cs:56)
System.Reflection.RuntimeMethodInfo:Invoke (object,System.Reflection.BindingFlags,System.Reflection.Binder,object[],System.Globalization.CultureInfo)
System.Reflection.MethodBase:Invoke (object,object[])
UnityEditor.EditorAssemblies:ProcessInitializeOnLoadMethodAttributes ()

(Filename: Assets/mirror/Editor/Weaver/CompilationFinishedHook.cs Line: 162)

Mirror.Weaver error: Exception :System.IO.IOException: Sharing violation on path C:\_Main\projects\vr\flock2\Library\ScriptAssemblies\UnityEditor.UI.dll
  at System.IO.FileStream..ctor (System.String path, System.IO.FileMode mode, System.IO.FileAccess access, System.IO.FileShare share, System.Int32 bufferSize, System.Boolean anonymous, System.IO.FileOptions options) [0x0019e] in <7e05db41a20b45108859fa03b97088d4>:0 
  at System.IO.FileStream..ctor (System.String path, System.IO.FileMode mode, System.IO.FileAccess access, System.IO.FileShare share) [0x00000] in <7e05db41a20b45108859fa03b97088d4>:0 
  at (wrapper remoting-invoke-with-check) System.IO.FileStream..ctor(string,System.IO.FileMode,System.IO.FileAccess,System.IO.FileShare)
  at Mono.CecilX.ModuleDefinition.GetFileStream (System.String fileName, System.IO.FileMode mode, System.IO.FileAccess access, System.IO.FileShare share) [0x00006] in <9a2bc2dadc3549b3bfc74bb584d58989>:0 
  at Mono.CecilX.ModuleDefinition.ReadModule (System.String fileName, Mono.CecilX.ReaderParameters parameters) [0x00008] in <9a2bc2dadc3549b3bfc74bb584d58989>:0 
  at Mono.CecilX.AssemblyDefinition.ReadAssembly (System.String fileName, Mono.CecilX.ReaderParameters parameters) [0x00000] in <9a2bc2dadc3549b3bfc74bb584d58989>:0 
  at Mirror.Weaver.Weaver.Weave (System.String assName, System.Collections.Generic.IEnumerable`1[T] dependencies, System.String unityEngineDLLPath, System.String mirrorNetDLLPath, System.String outputDir) [0x00006] in C:\_Main\projects\vr\flock2\Assets\mirror\Editor\Weaver\Weaver.cs:458 
  at Mirror.Weaver.Weaver.WeaveAssemblies (System.Collections.Generic.IEnumerable`1[T] assemblies, System.Collections.Generic.IEnumerable`1[T] dependencies, System.String outputDir, System.String unityEngineDLLPath, System.String mirrorNetDLLPath) [0x0003f] in C:\_Main\projects\vr\flock2\Assets\mirror\Editor\Weaver\Weaver.cs:569 
UnityEngine.StackTraceUtility:ExtractStackTrace ()
UnityEngine.DebugLogHandler:LogFormat (UnityEngine.LogType,UnityEngine.Object,string,object[])
UnityEngine.Logger:Log (UnityEngine.LogType,object)
UnityEngine.Debug:LogError (object)
Mirror.Weaver.CompilationFinishedHook:HandleError (string) (at Assets/mirror/Editor/Weaver/CompilationFinishedHook.cs:42)
Mirror.Weaver.Log:Error (string) (at Assets/mirror/Editor/Weaver/Program.cs:19)
Mirror.Weaver.Weaver:WeaveAssemblies (System.Collections.Generic.IEnumerable`1<string>,System.Collections.Generic.IEnumerable`1<string>,string,string,string) (at Assets/mirror/Editor/Weaver/Weaver.cs:577)
Mirror.Weaver.Program:Process (string,string,string,string[],string[],System.Action`1<string>,System.Action`1<string>) (at Assets/mirror/Editor/Weaver/Program.cs:33)
Mirror.Weaver.CompilationFinishedHook:OnCompilationFinished (string,UnityEditor.Compilation.CompilerMessage[]) (at Assets/mirror/Editor/Weaver/CompilationFinishedHook.cs:154)
Mirror.Weaver.CompilationFinishedHook:WeaveExistingAssemblies () (at Assets/mirror/Editor/Weaver/CompilationFinishedHook.cs:66)
Mirror.Weaver.CompilationFinishedHook:OnInitializeOnLoad () (at Assets/mirror/Editor/Weaver/CompilationFinishedHook.cs:56)
System.Reflection.RuntimeMethodInfo:Invoke (object,System.Reflection.BindingFlags,System.Reflection.Binder,object[],System.Globalization.CultureInfo)
System.Reflection.MethodBase:Invoke (object,object[])
UnityEditor.EditorAssemblies:ProcessInitializeOnLoadMethodAttributes ()

(Filename: Assets/mirror/Editor/Weaver/CompilationFinishedHook.cs Line: 42)

Weaving failed for: Library/ScriptAssemblies/UnityEditor.UI.dll
UnityEngine.StackTraceUtility:ExtractStackTrace ()
UnityEngine.DebugLogHandler:LogFormat (UnityEngine.LogType,UnityEngine.Object,string,object[])
UnityEngine.Logger:Log (UnityEngine.LogType,object)
UnityEngine.Debug:LogError (object)
Mirror.Weaver.CompilationFinishedHook:OnCompilationFinished (string,UnityEditor.Compilation.CompilerMessage[]) (at Assets/mirror/Editor/Weaver/CompilationFinishedHook.cs:162)
Mirror.Weaver.CompilationFinishedHook:WeaveExistingAssemblies () (at Assets/mirror/Editor/Weaver/CompilationFinishedHook.cs:66)
Mirror.Weaver.CompilationFinishedHook:OnInitializeOnLoad () (at Assets/mirror/Editor/Weaver/CompilationFinishedHook.cs:56)
System.Reflection.RuntimeMethodInfo:Invoke (object,System.Reflection.BindingFlags,System.Reflection.Binder,object[],System.Globalization.CultureInfo)
System.Reflection.MethodBase:Invoke (object,object[])
UnityEditor.EditorAssemblies:ProcessInitializeOnLoadMethodAttributes ()

(Filename: Assets/mirror/Editor/Weaver/CompilationFinishedHook.cs Line: 162)

Find all reader and writers took 44 milliseconds
Script Module: UnityEditor.SpatialTracking.dll
Pass: 0 took 12 milliseconds
Pass: 1 took 0 milliseconds
Mirror.Weaver error: Exception :System.IO.IOException: Sharing violation on path C:\_Main\projects\vr\flock2\Library\ScriptAssemblies\UnityEditor.XR.LegacyInputHelpers.dll
  at System.IO.FileStream..ctor (System.String path, System.IO.FileMode mode, System.IO.FileAccess access, System.IO.FileShare share, System.Int32 bufferSize, System.Boolean anonymous, System.IO.FileOptions options) [0x0019e] in <7e05db41a20b45108859fa03b97088d4>:0 
  at System.IO.FileStream..ctor (System.String path, System.IO.FileMode mode, System.IO.FileAccess access, System.IO.FileShare share) [0x00000] in <7e05db41a20b45108859fa03b97088d4>:0 
  at (wrapper remoting-invoke-with-check) System.IO.FileStream..ctor(string,System.IO.FileMode,System.IO.FileAccess,System.IO.FileShare)
  at Mono.CecilX.ModuleDefinition.GetFileStream (System.String fileName, System.IO.FileMode mode, System.IO.FileAccess access, System.IO.FileShare share) [0x00006] in <9a2bc2dadc3549b3bfc74bb584d58989>:0 
  at Mono.CecilX.ModuleDefinition.ReadModule (System.String fileName, Mono.CecilX.ReaderParameters parameters) [0x00008] in <9a2bc2dadc3549b3bfc74bb584d58989>:0 
  at Mono.CecilX.AssemblyDefinition.ReadAssembly (System.String fileName, Mono.CecilX.ReaderParameters parameters) [0x00000] in <9a2bc2dadc3549b3bfc74bb584d58989>:0 
  at Mirror.Weaver.Weaver.Weave (System.String assName, System.Collections.Generic.IEnumerable`1[T] dependencies, System.String unityEngineDLLPath, System.String mirrorNetDLLPath, System.String outputDir) [0x00006] in C:\_Main\projects\vr\flock2\Assets\mirror\Editor\Weaver\Weaver.cs:458 
  at Mirror.Weaver.Weaver.WeaveAssemblies (System.Collections.Generic.IEnumerable`1[T] assemblies, System.Collections.Generic.IEnumerable`1[T] dependencies, System.String outputDir, System.String unityEngineDLLPath, System.String mirrorNetDLLPath) [0x0003f] in C:\_Main\projects\vr\flock2\Assets\mirror\Editor\Weaver\Weaver.cs:569 
UnityEngine.StackTraceUtility:ExtractStackTrace ()
UnityEngine.DebugLogHandler:LogFormat (UnityEngine.LogType,UnityEngine.Object,string,object[])
UnityEngine.Logger:Log (UnityEngine.LogType,object)
UnityEngine.Debug:LogError (object)
Mirror.Weaver.CompilationFinishedHook:HandleError (string) (at Assets/mirror/Editor/Weaver/CompilationFinishedHook.cs:42)
Mirror.Weaver.Log:Error (string) (at Assets/mirror/Editor/Weaver/Program.cs:19)
Mirror.Weaver.Weaver:WeaveAssemblies (System.Collections.Generic.IEnumerable`1<string>,System.Collections.Generic.IEnumerable`1<string>,string,string,string) (at Assets/mirror/Editor/Weaver/Weaver.cs:577)
Mirror.Weaver.Program:Process (string,string,string,string[],string[],System.Action`1<string>,System.Action`1<string>) (at Assets/mirror/Editor/Weaver/Program.cs:33)
Mirror.Weaver.CompilationFinishedHook:OnCompilationFinished (string,UnityEditor.Compilation.CompilerMessage[]) (at Assets/mirror/Editor/Weaver/CompilationFinishedHook.cs:154)
Mirror.Weaver.CompilationFinishedHook:WeaveExistingAssemblies () (at Assets/mirror/Editor/Weaver/CompilationFinishedHook.cs:66)
Mirror.Weaver.CompilationFinishedHook:OnInitializeOnLoad () (at Assets/mirror/Editor/Weaver/CompilationFinishedHook.cs:56)
System.Reflection.RuntimeMethodInfo:Invoke (object,System.Reflection.BindingFlags,System.Reflection.Binder,object[],System.Globalization.CultureInfo)
System.Reflection.MethodBase:Invoke (object,object[])
UnityEditor.EditorAssemblies:ProcessInitializeOnLoadMethodAttributes ()

(Filename: Assets/mirror/Editor/Weaver/CompilationFinishedHook.cs Line: 42)

Weaving failed for: Library/ScriptAssemblies/UnityEditor.XR.LegacyInputHelpers.dll
UnityEngine.StackTraceUtility:ExtractStackTrace ()
UnityEngine.DebugLogHandler:LogFormat (UnityEngine.LogType,UnityEngine.Object,string,object[])
UnityEngine.Logger:Log (UnityEngine.LogType,object)
UnityEngine.Debug:LogError (object)
Mirror.Weaver.CompilationFinishedHook:OnCompilationFinished (string,UnityEditor.Compilation.CompilerMessage[]) (at Assets/mirror/Editor/Weaver/CompilationFinishedHook.cs:162)
Mirror.Weaver.CompilationFinishedHook:WeaveExistingAssemblies () (at Assets/mirror/Editor/Weaver/CompilationFinishedHook.cs:66)
Mirror.Weaver.CompilationFinishedHook:OnInitializeOnLoad () (at Assets/mirror/Editor/Weaver/CompilationFinishedHook.cs:56)
System.Reflection.RuntimeMethodInfo:Invoke (object,System.Reflection.BindingFlags,System.Reflection.Binder,object[],System.Globalization.CultureInfo)
System.Reflection.MethodBase:Invoke (object,object[])
UnityEditor.EditorAssemblies:ProcessInitializeOnLoadMethodAttributes ()

(Filename: Assets/mirror/Editor/Weaver/CompilationFinishedHook.cs Line: 162)

Mono: successfully reloaded assembly
- Completed reload, in  3.121 seconds
Domain Reload Profiling:
	ReloadAssembly (3122ms)
		BeginReloadAssembly (91ms)
			ExecutionOrderSort (0ms)
			DisableScriptedObjects (4ms)
			BackupInstance (0ms)
			ReleaseScriptingObjects (0ms)
			CreateAndSetChildDomain (14ms)
		EndReloadAssembly (2958ms)
			LoadAssemblies (73ms)
			RebuildTransferFunctionScriptingTraits (0ms)
			SetupTypeCache (166ms)
			ReleaseScriptCaches (0ms)
			RebuildScriptCaches (45ms)
			SetupLoadedEditorAssemblies (2648ms)
				LogAssemblyErrors (0ms)
				InitializePlatformSupportModulesInManaged (15ms)
				SetLoadedEditorAssemblies (0ms)
				RefreshPlugins (1ms)
				BeforeProcessingInitializeOnLoad (49ms)
				ProcessInitializeOnLoadAttributes (602ms)
				ProcessInitializeOnLoadMethodAttributes (1978ms)
				AfterProcessingInitializeOnLoad (3ms)
				EditorAssembliesLoaded (0ms)
			ExecutionOrderSort2 (0ms)
			AwakeInstancesAfterBackupRestoration (4ms)
Platform modules already initialized, skipping
========================================================================
Worker process is ready to serve import requests
Launched and connected shader compiler UnityShaderCompiler.exe after 0.05 seconds
Refreshing native plugins compatible for Editor in 0.58 ms, found 6 plugins.
Preloading 1 native plugins for Editor in 0.08 ms.
Unloading 3731 Unused Serialized files (Serialized files now loaded: 0)
Unloading 37 unused Assets / (72.9 KB). Loaded Objects now: 4188.
Memory consumption went from 145.7 MB to 145.6 MB.
Total: 4.417000 ms (FindLiveObjects: 0.192800 ms CreateObjectMapping: 0.052000 ms MarkObjects: 4.081100 ms  DeleteObjects: 0.089900 ms)

AssetImportParameters requested are different than current active one (requested -> active):
  custom:video-decoder-ogg-theora: a1e56fd34408186e4bbccfd4996cb3dc -> 
  custom:container-muxer-webm: aa71ff27fc2769a1b78a27578f13a17b -> 
  custom:container-demuxer-webm: 4f35f7cbe854078d1ac9338744f61a02 -> 
  custom:video-encoder-webm-vp8: eb34c28f22e8b96e1ab97ce403110664 -> 
  custom:video-codec-MediaFoundation-h265: 746d11721c4dcdbdad8f713fa42b33f4 -> 
  custom:CustomObjectIndexerAttribute: bc11b3a6c3213fcdd17b65e7da85e133 -> 
  custom:audio-encoder-webm-vorbis: bf7c407c2cedff20999df2af8eb42d56 -> 
  custom:framework-win-MediaFoundation: 216162199b28c13a410421893ffa2e32 -> 
  custom:SearchIndexIgnoredProperties: e643bd26f0fe6173181afceb89e7c659 -> 
  custom:container-demuxer-ogg: 62fdf1f143b41e24485cea50d1cbac27 -> 
  custom:video-decoder-webm-vp8: 9c59270c3fd7afecdb556c50c9e8de78 -> 
  custom:audio-decoder-ogg-vorbis: bf7c407c2cedff20999df2af8eb42d56 -> 
Editor requested this worker to shutdown with reason: Scaling down because of idle timeout
AssetImportWorker is now disconnected from the server
Process exiting
Exiting without the bug reporter. Application will terminate with return code 0